 win32_main

 Timestamp is 60c4a9e5 (Sat Jun 12 15:34:45 2021)

 Preferred load address is 0000000140000000

 Start         Length     Name                   Class
 0001:00000000 000393e0H .text$mn                CODE
 0001:000393e0 00000020H .text$mn$00             CODE
 0001:00039400 0000061dH .text$x                 CODE
 0002:00000000 00000350H .idata$5                DATA
 0002:00000350 00000010H .00cfg                  DATA
 0002:00000360 00000008H .CRT$XCA                DATA
 0002:00000368 00000008H .CRT$XCAA               DATA
 0002:00000370 00000008H .CRT$XCZ                DATA
 0002:00000378 00000008H .CRT$XIA                DATA
 0002:00000380 00000008H .CRT$XIAA               DATA
 0002:00000388 00000008H .CRT$XIAC               DATA
 0002:00000390 00000018H .CRT$XIC                DATA
 0002:000003a8 00000008H .CRT$XIZ                DATA
 0002:000003b0 00000008H .CRT$XPA                DATA
 0002:000003b8 00000010H .CRT$XPX                DATA
 0002:000003c8 00000008H .CRT$XPXA               DATA
 0002:000003d0 00000008H .CRT$XPZ                DATA
 0002:000003d8 00000008H .CRT$XTA                DATA
 0002:000003e0 00000010H .CRT$XTZ                DATA
 0002:000003e8 00000000H .gfids$y                DATA
 0002:000003f0 00010510H .rdata                  DATA
 0002:00010900 0000016cH .rdata$r                DATA
 0002:00010a6c 000002fcH .rdata$zzzdbg           DATA
 0002:00010d68 00000008H .rtc$IAA                DATA
 0002:00010d70 00000008H .rtc$IZZ                DATA
 0002:00010d78 00000008H .rtc$TAA                DATA
 0002:00010d80 00000010H .rtc$TZZ                DATA
 0002:00010d90 00001128H .xdata                  DATA
 0002:00011eb8 00000084H .xdata$x                DATA
 0002:00011f3c 00000000H .edata                  DATA
 0002:00011f3c 00000050H .idata$2                DATA
 0002:00011f8c 00000014H .idata$3                DATA
 0002:00011fa0 00000350H .idata$4                DATA
 0002:000122f0 00000762H .idata$6                DATA
 0003:00000000 00000a40H .data                   DATA
 0003:00000a40 00000070H .data$r                 DATA
 0003:00000ab0 000018f0H .bss                    DATA
 0004:00000000 00002e5cH .pdata                  DATA

  Address         Publics by Value              Rva+Base               Lib:Object

 0000:00000000       __guard_longjmp_count      0000000000000000     <absolute>
 0000:00000000       __guard_fids_count         0000000000000000     <absolute>
 0000:00000000       __hybrid_code_map_count    0000000000000000     <absolute>
 0000:00000000       __guard_iat_table          0000000000000000     <absolute>
 0000:00000000       __hybrid_code_map          0000000000000000     <absolute>
 0000:00000000       __guard_iat_count          0000000000000000     <absolute>
 0000:00000000       __volatile_metadata        0000000000000000     <absolute>
 0000:00000000       __guard_longjmp_table      0000000000000000     <absolute>
 0000:00000000       __enclave_config           0000000000000000     <absolute>
 0000:00000000       ___safe_se_handler_count   0000000000000000     <absolute>
 0000:00000000       ___safe_se_handler_table   0000000000000000     <absolute>
 0000:00000000       __guard_fids_table         0000000000000000     <absolute>
 0000:00000000       __dynamic_value_reloc_table 0000000000000000     <absolute>
 0000:00000000       __hybrid_auxiliary_iat     0000000000000000     <absolute>
 0000:00000100       __guard_flags              0000000000000100     <absolute>
 0000:00000000       __ImageBase                0000000140000000     <linker-defined>
 0001:00000000       ?GameUpdateAndRenderStub@@YAXPEAUthread_context@@PEAUgame_memory@@PEAUgame_offscreen_buffer@@PEAUgame_input@@@Z 0000000140001000 f   win32_main.obj
 0001:00000020       ?GameGetSoundSamplesStub@@YAXPEAUthread_context@@PEAUgame_memory@@PEAUgame_sound_output@@@Z 0000000140001020 f   win32_main.obj
 0001:00000040       WinMain                    0000000140001040 f   win32_main.obj
 0001:00001540       ?DEBUGPlatformFreeFile@@YAXPEAUthread_context@@PEAX@Z 0000000140002540 f   win32_main.obj
 0001:00001580       ?DEBUGPlatformReadFile@@YA?AUdebug_read_result@@PEAUthread_context@@PEAD@Z 0000000140002580 f   win32_main.obj
 0001:00001730       ?DEBUGPlatformWriteFile@@YA_NPEAUthread_context@@PEADPEAXI@Z 0000000140002730 f   win32_main.obj
 0001:00002370       ?Win32WindowCallback@@YA_JPEAUHWND__@@I_K_J@Z 0000000140003370 f   win32_main.obj
 0001:00002570       ??$sprintf_s@$0BAA@@@YAHAEAY0BAA@DPEBDZZ 0000000140003570 f i win32_main.obj
 0001:000025b0       ?GetDirectory@@YAXPEADH0H@Z 00000001400035b0 f i win32_main.obj
 0001:00002680       ?GetLastWriteTime@@YA?AU_FILETIME@@PEAD@Z 0000000140003680 f i win32_main.obj
 0001:00002700       ?SafeTruncateUInt64@@YAI_K@Z 0000000140003700 f i win32_main.obj
 0001:00002730       ?Win32GetTiming@@YA?AT_LARGE_INTEGER@@XZ 0000000140003730 f i win32_main.obj
 0001:00002750       ?Win32SecondsElapsed@@YAMT_LARGE_INTEGER@@0@Z 0000000140003750 f i win32_main.obj
 0001:00002790       __local_stdio_printf_options 0000000140003790 f i win32_main.obj
 0001:000027a0       _vsprintf_s_l              00000001400037a0 f i win32_main.obj
 0001:00002810       vsprintf_s                 0000000140003810 f i win32_main.obj
 0001:00002850       __GSHandlerCheck           0000000140003850 f   LIBCMTD:gshandler.obj
 0001:00002890       __GSHandlerCheckCommon     0000000140003890 f   LIBCMTD:gshandler.obj
 0001:000029a0       __security_check_cookie    00000001400039a0 f   LIBCMTD:amdsecgs.obj
 0001:00002c80       ?configure_argv@__scrt_narrow_argv_policy@@SAHXZ 0000000140003c80 f i LIBCMTD:exe_winmain.obj
 0001:00002ca0       ?initialize_environment@__scrt_narrow_environment_policy@@SAHXZ 0000000140003ca0 f i LIBCMTD:exe_winmain.obj
 0001:00002cf0       ?set_app_type@__scrt_winmain_policy@@SAXXZ 0000000140003cf0 f i LIBCMTD:exe_winmain.obj
 0001:00002d10       ?set_commode@__scrt_file_policy@@SAXXZ 0000000140003d10 f i LIBCMTD:exe_winmain.obj
 0001:00002d30       ?set_fmode@__scrt_file_policy@@SAXXZ 0000000140003d30 f i LIBCMTD:exe_winmain.obj
 0001:00002d50       WinMainCRTStartup          0000000140003d50 f   LIBCMTD:exe_winmain.obj
 0001:00002d60       __raise_securityfailure    0000000140003d60 f   LIBCMTD:gs_report.obj
 0001:00002da0       __report_gsfailure         0000000140003da0 f   LIBCMTD:gs_report.obj
 0001:00002e80       __report_rangecheckfailure 0000000140003e80 f   LIBCMTD:gs_report.obj
 0001:00002ea0       __report_securityfailure   0000000140003ea0 f   LIBCMTD:gs_report.obj
 0001:000030a0       ??$__crt_fast_decode_pointer@P6AXXZ@@YAP6AXXZQ6AXXZ@Z 00000001400040a0 f i libvcruntimed:purevirt.obj
 0001:000030a0       ??$__crt_fast_decode_pointer@P6AHPEAU_exception@@@Z@@YAP6AHPEAU_exception@@@ZQ6AH0@Z@Z 00000001400040a0 f i libucrtd:matherr.obj
 0001:000030a0       ??$__crt_fast_decode_pointer@P6AH_K@Z@@YAP6AH_K@ZQ6AH0@Z@Z 00000001400040a0 f i libucrtd:new_handler.obj
 0001:000030a0       ??$__crt_fast_decode_pointer@PEAX@@YAPEAXQEAX@Z 00000001400040a0 f i libvcruntimed:winapi_downlevel.obj
 0001:000030a0       ??$__crt_fast_decode_pointer@P6AXPEAXK0@Z@@YAP6AXPEAXK0@ZQ6AX0K0@Z@Z 00000001400040a0 f i libucrtd:exit.obj
 0001:000030a0       ??$__crt_fast_decode_pointer@P6AXPEB_W00I_K@Z@@YAP6AXPEB_W00I_K@ZQ6AX000I1@Z@Z 00000001400040a0 f i libucrtd:invalid_parameter.obj
 0001:000030a0       ??$__crt_fast_decode_pointer@P6AXH@Z@@YAP6AXH@ZQ6AXH@Z@Z 00000001400040a0 f i libucrtd:signal.obj
 0001:000030a0       ??$__crt_fast_decode_pointer@PEAP6AXXZ@@YAPEAP6AXXZQEAP6AXXZ@Z 00000001400040a0 f i LIBCMTD:utility.obj
 0001:000030e0       ??$__crt_fast_encode_pointer@P6AHPEAU_exception@@@Z@@YAP6AHPEAU_exception@@@ZQ6AH0@Z@Z 00000001400040e0 f i libucrtd:matherr.obj
 0001:000030e0       ??$__crt_fast_encode_pointer@PEAX@@YAPEAXQEAX@Z 00000001400040e0 f i libvcruntimed:winapi_downlevel.obj
 0001:000030e0       ??$__crt_fast_encode_pointer@PEAP6AXXZ@@YAPEAP6AXXZQEAP6AXXZ@Z 00000001400040e0 f i LIBCMTD:utility.obj
 0001:000030e0       ??$__crt_fast_encode_pointer@P6AXXZ@@YAP6AXXZQ6AXXZ@Z 00000001400040e0 f i libvcruntimed:purevirt_data.obj
 0001:000030e0       ??$__crt_fast_encode_pointer@P6AXH@Z@@YAP6AXH@ZQ6AXH@Z@Z 00000001400040e0 f i libucrtd:signal.obj
 0001:000030e0       ??$__crt_fast_encode_pointer@P6AHXZ@@YAP6AHXZQ6AHXZ@Z 00000001400040e0 f i libucrtd:onexit.obj
 0001:000030e0       ??$__crt_fast_encode_pointer@P6AXPEAXK0@Z@@YAP6AXPEAXK0@ZQ6AX0K0@Z@Z 00000001400040e0 f i libucrtd:exit.obj
 0001:00003120       ?__crt_rotate_pointer_value@@YA_K_KH@Z 0000000140004120 f i LIBCMTD:utility.obj
 0001:000032a0       NtCurrentTeb               00000001400042a0 f i LIBCMTD:utility.obj
 0001:000032b0       __scrt_acquire_startup_lock 00000001400042b0 f   LIBCMTD:utility.obj
 0001:00003320       __scrt_initialize_crt      0000000140004320 f   LIBCMTD:utility.obj
 0001:00003370       __scrt_initialize_onexit_tables 0000000140004370 f   LIBCMTD:utility.obj
 0001:00003480       __scrt_is_nonwritable_in_current_image 0000000140004480 f   LIBCMTD:utility.obj
 0001:00003510       __scrt_release_startup_lock 0000000140004510 f   LIBCMTD:utility.obj
 0001:00003540       __scrt_uninitialize_crt    0000000140004540 f   LIBCMTD:utility.obj
 0001:00003580       _onexit                    0000000140004580 f   LIBCMTD:utility.obj
 0001:00003610       atexit                     0000000140004610 f   LIBCMTD:utility.obj
 0001:00003710       __security_init_cookie     0000000140004710 f   LIBCMTD:gs_support.obj
 0001:00003790       ?get_current_state_index@__crt_state_management@@YA_KAEBV__crt_scoped_get_last_error_reset@@@Z 0000000140004790 f   libucrtd:per_thread_data.obj
 0001:00003790       _matherr                   0000000140004790 f   LIBCMTD:matherr.obj
 0001:000037a0       _get_startup_argv_mode     00000001400047a0 f   LIBCMTD:argv_mode.obj
 0001:000037b0       ?get_current_state_index@__crt_state_management@@YA_KXZ 00000001400047b0 f   libucrtd:matherr.obj
 0001:000037b0       __scrt_stub_for_initialize_mta 00000001400047b0 f   LIBCMTD:utility_desktop.obj
 0001:000037b0       _get_startup_thread_locale_mode 00000001400047b0 f   LIBCMTD:thread_locale.obj
 0001:000037b0       __scrt_exe_initialize_mta  00000001400047b0 f   LIBCMTD:utility_desktop.obj
 0001:000037b0       ?get_invalid_value@__crt_hmodule_traits@@SAPEAUHINSTANCE__@@XZ 00000001400047b0 f   libucrtd:exit.obj
 0001:000037b0       __scrt_initialize_winrt    00000001400047b0 f   LIBCMTD:utility_desktop.obj
 0001:000037b0       _get_startup_new_mode      00000001400047b0 f   LIBCMTD:new_mode.obj
 0001:000037b0       _get_startup_commit_mode   00000001400047b0 f   LIBCMTD:commit_mode.obj
 0001:000037c0       _get_startup_file_mode     00000001400047c0 f   LIBCMTD:file_mode.obj
 0001:000037d0       ?__scrt_initialize_type_info@@YAXXZ 00000001400047d0 f   LIBCMTD:tncleanup.obj
 0001:000037f0       _should_initialize_environment 00000001400047f0 f   LIBCMTD:env_mode.obj
 0001:00003800       ??$__vcrt_va_start_verify_argument_type@QEB_W@@YAXXZ 0000000140004800 f   libucrtd:dbgrpt.obj
 0001:00003800       _initialize_invalid_parameter_handler 0000000140004800 f   LIBCMTD:invalid_parameter_handler.obj
 0001:00003800       _initialize_denormal_control 0000000140004800 f   LIBCMTD:denormal_control.obj
 0001:00003800       ??$__vcrt_va_start_verify_argument_type@QEBD@@YAXXZ 0000000140004800 f   libucrtd:debug_heap.obj
 0001:00003810       __local_stdio_scanf_options 0000000140004810 f i LIBCMTD:default_local_stdio_options.obj
 0001:00003820       __scrt_initialize_default_local_stdio_options 0000000140004820 f   LIBCMTD:default_local_stdio_options.obj
 0001:00003870       __scrt_is_user_matherr_present 0000000140004870 f   LIBCMTD:matherr_detection.obj
 0001:000038a0       __scrt_get_dyn_tls_init_callback 00000001400048a0 f   LIBCMTD:dyn_tls_init.obj
 0001:000038b0       __scrt_get_dyn_tls_dtor_callback 00000001400048b0 f   LIBCMTD:dyn_tls_dtor.obj
 0001:000038c0       __crt_debugger_hook        00000001400048c0 f   LIBCMTD:utility_desktop.obj
 0001:000038d0       __scrt_fastfail            00000001400048d0 f   LIBCMTD:utility_desktop.obj
 0001:00003a70       __scrt_get_show_window_mode 0000000140004a70 f   LIBCMTD:utility_desktop.obj
 0001:00003ad0       __scrt_initialize_mta      0000000140004ad0 f   LIBCMTD:utility_desktop.obj
 0001:00003ae0       __scrt_is_managed_app      0000000140004ae0 f   LIBCMTD:utility_desktop.obj
 0001:00003b90       __scrt_set_unhandled_exception_filter 0000000140004b90 f   LIBCMTD:utility_desktop.obj
 0001:00003bb0       __scrt_unhandled_exception_filter 0000000140004bb0 f   LIBCMTD:utility_desktop.obj
 0001:00003c30       _RTC_Initialize            0000000140004c30 f   LIBCMTD:initsect.obj
 0001:00003c80       _RTC_Terminate             0000000140004c80 f   LIBCMTD:initsect.obj
 0001:00003cd0       ??1scoped_global_state_reset@__crt_state_management@@QEAA@XZ 0000000140004cd0 f i libucrtd:onexit.obj
 0001:00003cd0       _guard_check_icall_nop     0000000140004cd0 f i LIBCMTD:guard_support.obj
 0001:00003cd0       ??1?$__crt_simd_cleanup_guard@$0A@@@QEAA@XZ 0000000140004cd0 f i libucrtd:strnlen.obj
 0001:00003ce0       ?__crt_interlocked_read_64@@YA_JPED_J@Z 0000000140004ce0 f i libvcruntimed:std_type_info.obj
 0001:00003ce0       ReadNoFence64              0000000140004ce0 f i LIBCMTD:guard_support.obj
 0001:00003d00       ??$__crt_interlocked_read_pointer@UHINSTANCE__@@@@YAPEAUHINSTANCE__@@PEDSEAU0@@Z 0000000140004d00 f i libvcruntimed:winapi_downlevel.obj
 0001:00003d00       ??$__crt_interlocked_read_pointer@X@@YAPEAXPEDSEAX@Z 0000000140004d00 f i libvcruntimed:winapi_downlevel.obj
 0001:00003d00       ReadPointerNoFence         0000000140004d00 f i LIBCMTD:guard_support.obj
 0001:00003d20       _guard_icall_checks_enforced 0000000140004d20 f i LIBCMTD:guard_support.obj
 0001:00003d60       __isa_available_init       0000000140004d60 f   LIBCMTD:cpu_disp.obj
 0001:000040b0       __scrt_is_ucrt_dll_in_use  00000001400050b0 f   LIBCMTD:ucrt_detection.obj
 0001:000040e0       IsProcessorFeaturePresent  00000001400050e0 f   kernel32:KERNEL32.dll
 0001:000040f0       __C_specific_handler       00000001400050f0 f   libvcruntimed:riscchandler.obj
 0001:00004530       __vcrt_initialize          0000000140005530 f   libvcruntimed:initialization.obj
 0001:00004570       __vcrt_uninitialize        0000000140005570 f   libvcruntimed:initialization.obj
 0001:000045a0       ??$?RP6AXXZ@__crt_internal_free_policy@@QEBAXQEBQ6AXXZ@Z 00000001400055a0 f i libucrtd:onexit.obj
 0001:000045a0       ??$?RU__vcrt_ptd@@@__crt_internal_free_policy@@QEBAXQEBU__vcrt_ptd@@@Z 00000001400055a0 f i libvcruntimed:per_thread_data.obj
 0001:000045a0       ??$?RD@__crt_internal_free_policy@@QEBAXQEBD@Z 00000001400055a0 f i libvcruntimed:std_type_info.obj
 0001:000045a0       ??$?RU__crt_lowio_handle_data@@@__crt_internal_free_policy@@QEBAXQEBU__crt_lowio_handle_data@@@Z 00000001400055a0 f i libucrtd:osfinfo.obj
 0001:000045a0       ??$?RU__crt_multibyte_data@@@__crt_internal_free_policy@@QEBAXQEBU__crt_multibyte_data@@@Z 00000001400055a0 f i libucrtd:wsetlocale.obj
 0001:000045a0       ??$?RU__acrt_ptd@@@__crt_internal_free_policy@@QEBAXQEBU__acrt_ptd@@@Z 00000001400055a0 f i libucrtd:per_thread_data.obj
 0001:000045a0       ??$?RE@__crt_internal_free_policy@@QEBAXQEBE@Z 00000001400055a0 f i libucrtd:argv_parsing.obj
 0001:000045a0       ??$?RPEAD@__crt_internal_free_policy@@QEBAXQEBQEAD@Z 00000001400055a0 f i libucrtd:argv_parsing.obj
 0001:000045a0       ??$?RPEAU__crt_stdio_stream_data@@@__crt_internal_free_policy@@QEBAXQEBQEAU__crt_stdio_stream_data@@@Z 00000001400055a0 f i libucrtd:_file.obj
 0001:000045d0       ??0?$string_output_adapter@D@__crt_stdio_output@@QEAA@QEAU?$string_output_adapter_context@D@1@@Z 00000001400055d0 f i libucrtd:output.obj
 0001:000045d0       ??0?$__crt_unique_heap_ptr@PEADU__crt_internal_free_policy@@@@QEAA@QEAPEAD@Z 00000001400055d0 f i libucrtd:argv_parsing.obj
 0001:000045d0       ??0?$__crt_unique_heap_ptr@U__crt_multibyte_data@@U__crt_internal_free_policy@@@@QEAA@QEAU__crt_multibyte_data@@@Z 00000001400055d0 f i libucrtd:wsetlocale.obj
 0001:000045d0       ??0?$__crt_unique_heap_ptr@U__crt_lowio_handle_data@@U__crt_internal_free_policy@@@@QEAA@QEAU__crt_lowio_handle_data@@@Z 00000001400055d0 f i libucrtd:osfinfo.obj
 0001:000045d0       ??0?$string_output_adapter@_W@__crt_stdio_output@@QEAA@QEAU?$string_output_adapter_context@_W@1@@Z 00000001400055d0 f i libucrtd:output.obj
 0001:000045d0       ??0?$__crt_unique_heap_ptr@DU__crt_internal_free_policy@@@@QEAA@QEAD@Z 00000001400055d0 f i libvcruntimed:std_type_info.obj
 0001:000045d0       ??0?$__crt_unique_heap_ptr@U__acrt_ptd@@U__crt_internal_free_policy@@@@QEAA@QEAU__acrt_ptd@@@Z 00000001400055d0 f i libucrtd:per_thread_data.obj
 0001:000045d0       ??0?$__crt_unique_heap_ptr@U__vcrt_ptd@@U__crt_internal_free_policy@@@@QEAA@QEAU__vcrt_ptd@@@Z 00000001400055d0 f i libvcruntimed:per_thread_data.obj
 0001:000045d0       ??0?$__crt_scoped_stack_ptr_tag@_W@@QEAA@QEA_W@Z 00000001400055d0 f i libucrtd:getstringtypea.obj
 0001:000045d0       ??0?$__crt_unique_handle_t@U__crt_hmodule_traits@@@@QEAA@QEAUHINSTANCE__@@@Z 00000001400055d0 f i libucrtd:exit.obj
 0001:000045d0       ??0__crt_stdio_stream@@QEAA@QEAU__crt_stdio_stream_data@@@Z 00000001400055d0 f i libucrtd:closeall.obj
 0001:000045d0       ??0?$__crt_unique_handle_t@U__crt_findfile_traits@@@@QEAA@QEAX@Z 00000001400055d0 f i libucrtd:argv_wildcards.obj
 0001:000045d0       ??0__crt_stdio_stream@@QEAA@QEAU_iobuf@@@Z 00000001400055d0 f i libucrtd:output.obj
 0001:000045d0       ??0?$__crt_unique_heap_ptr@DU__crt_public_free_policy@@@@QEAA@QEAD@Z 00000001400055d0 f i libvcruntimed:std_exception.obj
 0001:000045d0       ??0?$__crt_unique_heap_ptr@PEAU__crt_stdio_stream_data@@U__crt_internal_free_policy@@@@QEAA@QEAPEAU__crt_stdio_stream_data@@@Z 00000001400055d0 f i libucrtd:_file.obj
 0001:000045d0       ??0?$__crt_scoped_stack_ptr@_W@@QEAA@U?$__crt_scoped_stack_ptr_tag@_W@@@Z 00000001400055d0 f i libucrtd:getstringtypea.obj
 0001:000045d0       ??0?$__crt_unique_heap_ptr@EU__crt_internal_free_policy@@@@QEAA@QEAE@Z 00000001400055d0 f i libucrtd:argv_parsing.obj
 0001:000045d0       ??0?$__crt_unique_heap_ptr@P6AXXZU__crt_internal_free_policy@@@@QEAA@QEAP6AXXZ@Z 00000001400055d0 f i libucrtd:onexit.obj
 0001:000045f0       ??1?$__crt_unique_heap_ptr@U__crt_lowio_handle_data@@U__crt_internal_free_policy@@@@QEAA@XZ 00000001400055f0 f i libucrtd:osfinfo.obj
 0001:000045f0       ??1?$__crt_unique_heap_ptr@EU__crt_internal_free_policy@@@@QEAA@XZ 00000001400055f0 f i libucrtd:argv_parsing.obj
 0001:000045f0       ??1?$__crt_unique_heap_ptr@U__vcrt_ptd@@U__crt_internal_free_policy@@@@QEAA@XZ 00000001400055f0 f i libvcruntimed:per_thread_data.obj
 0001:000045f0       ??1?$__crt_unique_heap_ptr@P6AXXZU__crt_internal_free_policy@@@@QEAA@XZ 00000001400055f0 f i libucrtd:onexit.obj
 0001:000045f0       ??1?$__crt_unique_heap_ptr@PEADU__crt_internal_free_policy@@@@QEAA@XZ 00000001400055f0 f i libucrtd:argv_parsing.obj
 0001:000045f0       ??1?$__crt_unique_heap_ptr@PEAU__crt_stdio_stream_data@@U__crt_internal_free_policy@@@@QEAA@XZ 00000001400055f0 f i libucrtd:_file.obj
 0001:000045f0       ??1?$__crt_unique_heap_ptr@U__crt_multibyte_data@@U__crt_internal_free_policy@@@@QEAA@XZ 00000001400055f0 f i libucrtd:wsetlocale.obj
 0001:000045f0       ??1?$__crt_unique_heap_ptr@U__acrt_ptd@@U__crt_internal_free_policy@@@@QEAA@XZ 00000001400055f0 f i libucrtd:per_thread_data.obj
 0001:000045f0       ??1?$__crt_unique_heap_ptr@DU__crt_internal_free_policy@@@@QEAA@XZ 00000001400055f0 f i libvcruntimed:std_type_info.obj
 0001:00004610       ??B?$__crt_unique_heap_ptr@U__crt_multibyte_data@@U__crt_internal_free_policy@@@@QEBA_NXZ 0000000140005610 f i libucrtd:wsetlocale.obj
 0001:00004610       ??B?$__crt_unique_heap_ptr@U__crt_lowio_handle_data@@U__crt_internal_free_policy@@@@QEBA_NXZ 0000000140005610 f i libucrtd:osfinfo.obj
 0001:00004610       ??B?$__crt_unique_heap_ptr@DU__crt_internal_free_policy@@@@QEBA_NXZ 0000000140005610 f i libvcruntimed:std_type_info.obj
 0001:00004610       ??B?$__crt_unique_heap_ptr@U__vcrt_ptd@@U__crt_internal_free_policy@@@@QEBA_NXZ 0000000140005610 f i libvcruntimed:per_thread_data.obj
 0001:00004610       ??B?$__crt_unique_heap_ptr@U__acrt_ptd@@U__crt_internal_free_policy@@@@QEBA_NXZ 0000000140005610 f i libucrtd:per_thread_data.obj
 0001:00004610       ??B?$__crt_unique_heap_ptr@EU__crt_internal_free_policy@@@@QEBA_NXZ 0000000140005610 f i libucrtd:argv_parsing.obj
 0001:00004610       ??B?$__crt_unique_heap_ptr@DU__crt_public_free_policy@@@@QEBA_NXZ 0000000140005610 f i libvcruntimed:std_exception.obj
 0001:00004630       ?public_stream@__crt_stdio_stream@@QEBAPEAU_iobuf@@XZ 0000000140005630 f i libucrtd:output.obj
 0001:00004630       ?get@?$__crt_scoped_stack_ptr@_W@@QEBAPEA_WXZ 0000000140005630 f i libucrtd:getstringtypea.obj
 0001:00004630       ?save_state@?$c_string_character_source@_W@__crt_strtox@@QEBAPEB_WXZ 0000000140005630 f i libucrtd:atox.obj
 0001:00004630       ?get@?$__crt_unique_heap_ptr@DU__crt_public_free_policy@@@@QEBAPEADXZ 0000000140005630 f i libvcruntimed:std_exception.obj
 0001:00004630       ?get@?$__crt_unique_heap_ptr@U__acrt_ptd@@U__crt_internal_free_policy@@@@QEBAPEAU__acrt_ptd@@XZ 0000000140005630 f i libucrtd:per_thread_data.obj
 0001:00004630       ?getFuncInfo@TryBlockMap@__FrameHandler3@@QEAAPEBU_s_FuncInfo@@XZ 0000000140005630 f i libvcruntimed:risctrnsctrl.obj
 0001:00004630       ?get@?$__crt_unique_handle_t@U__crt_hmodule_traits@@@@QEBAPEAUHINSTANCE__@@XZ 0000000140005630 f i libucrtd:exit.obj
 0001:00004630       ?get@?$__crt_unique_heap_ptr@DU__crt_internal_free_policy@@@@QEBAPEADXZ 0000000140005630 f i libvcruntimed:std_type_info.obj
 0001:00004630       ?save_state@?$c_string_character_source@D@__crt_strtox@@QEBAPEBDXZ 0000000140005630 f i libucrtd:atox.obj
 0001:00004630       ?get@?$__crt_unique_heap_ptr@EU__crt_internal_free_policy@@@@QEBAPEAEXZ 0000000140005630 f i libucrtd:argv_parsing.obj
 0001:00004630       ?get@?$__crt_unique_heap_ptr@U__crt_lowio_handle_data@@U__crt_internal_free_policy@@@@QEBAPEAU__crt_lowio_handle_data@@XZ 0000000140005630 f i libucrtd:osfinfo.obj
 0001:00004630       ??C__crt_stdio_stream@@QEBAPEAU__crt_stdio_stream_data@@XZ 0000000140005630 f i libucrtd:output.obj
 0001:00004630       ?get@?$__crt_unique_heap_ptr@U__vcrt_ptd@@U__crt_internal_free_policy@@@@QEBAPEAU__vcrt_ptd@@XZ 0000000140005630 f i libvcruntimed:per_thread_data.obj
 0001:00004630       ?get@?$__crt_unique_heap_ptr@PEADU__crt_internal_free_policy@@@@QEBAPEAPEADXZ 0000000140005630 f i libucrtd:argv_parsing.obj
 0001:00004630       ?get@?$__crt_unique_heap_ptr@U__crt_multibyte_data@@U__crt_internal_free_policy@@@@QEBAPEAU__crt_multibyte_data@@XZ 0000000140005630 f i libucrtd:wsetlocale.obj
 0001:00004630       ?get@?$__crt_unique_handle_t@U__crt_findfile_traits@@@@QEBAPEAXXZ 0000000140005630 f i libucrtd:argv_wildcards.obj
 0001:00004640       ?is_valid@?$__crt_unique_heap_ptr@DU__crt_public_free_policy@@@@QEBA_NXZ 0000000140005640 f i libvcruntimed:std_exception.obj
 0001:00004640       ?is_valid@?$__crt_unique_heap_ptr@U__crt_lowio_handle_data@@U__crt_internal_free_policy@@@@QEBA_NXZ 0000000140005640 f i libucrtd:osfinfo.obj
 0001:00004640       ?is_valid@?$__crt_unique_heap_ptr@U__vcrt_ptd@@U__crt_internal_free_policy@@@@QEBA_NXZ 0000000140005640 f i libvcruntimed:per_thread_data.obj
 0001:00004640       ?valid@__crt_stdio_stream@@QEBA_NXZ 0000000140005640 f i libucrtd:output.obj
 0001:00004640       ?is_valid@?$__crt_unique_heap_ptr@U__crt_multibyte_data@@U__crt_internal_free_policy@@@@QEBA_NXZ 0000000140005640 f i libucrtd:wsetlocale.obj
 0001:00004640       ?is_valid@?$__crt_unique_heap_ptr@U__acrt_ptd@@U__crt_internal_free_policy@@@@QEBA_NXZ 0000000140005640 f i libucrtd:per_thread_data.obj
 0001:00004640       ?is_valid@?$__crt_unique_heap_ptr@DU__crt_internal_free_policy@@@@QEBA_NXZ 0000000140005640 f i libvcruntimed:std_type_info.obj
 0001:00004640       ??B?$__crt_scoped_stack_ptr@_W@@QEBA_NXZ 0000000140005640 f i libucrtd:lcmapstringa.obj
 0001:00004640       ?is_valid@?$__crt_unique_heap_ptr@EU__crt_internal_free_policy@@@@QEBA_NXZ 0000000140005640 f i libucrtd:argv_parsing.obj
 0001:00004670       ?release@?$__crt_unique_heap_ptr@U__crt_multibyte_data@@U__crt_internal_free_policy@@@@QEAAXXZ 0000000140005670 f i libucrtd:wsetlocale.obj
 0001:00004670       ?release@?$__crt_unique_heap_ptr@U__crt_lowio_handle_data@@U__crt_internal_free_policy@@@@QEAAXXZ 0000000140005670 f i libucrtd:osfinfo.obj
 0001:00004670       ?release@?$__crt_unique_heap_ptr@PEAU__crt_stdio_stream_data@@U__crt_internal_free_policy@@@@QEAAXXZ 0000000140005670 f i libucrtd:_file.obj
 0001:00004670       ?release@?$__crt_unique_heap_ptr@U__vcrt_ptd@@U__crt_internal_free_policy@@@@QEAAXXZ 0000000140005670 f i libvcruntimed:per_thread_data.obj
 0001:00004670       ?release@?$__crt_unique_heap_ptr@U__acrt_ptd@@U__crt_internal_free_policy@@@@QEAAXXZ 0000000140005670 f i libucrtd:per_thread_data.obj
 0001:00004670       ?release@?$__crt_unique_heap_ptr@P6AXXZU__crt_internal_free_policy@@@@QEAAXXZ 0000000140005670 f i libucrtd:onexit.obj
 0001:00004670       ?release@?$__crt_unique_heap_ptr@EU__crt_internal_free_policy@@@@QEAAXXZ 0000000140005670 f i libucrtd:argv_parsing.obj
 0001:00004670       ?release@?$__crt_unique_heap_ptr@DU__crt_internal_free_policy@@@@QEAAXXZ 0000000140005670 f i libvcruntimed:std_type_info.obj
 0001:00004670       ?release@?$__crt_unique_heap_ptr@PEADU__crt_internal_free_policy@@@@QEAAXXZ 0000000140005670 f i libucrtd:argv_parsing.obj
 0001:000046a0       __std_type_info_compare    00000001400056a0 f   libvcruntimed:std_type_info.obj
 0001:000046f0       _NLG_Notify                00000001400056f0 f   libvcruntimed:notify.obj
 0001:00004710       __NLG_Dispatch2            0000000140005710 f   libvcruntimed:notify.obj
 0001:00004720       __NLG_Return2              0000000140005720 f   libvcruntimed:notify.obj
 0001:00004730       __except_validate_context_record 0000000140005730 f   libvcruntimed:jbcxrval.obj
 0001:00004790       __DestructExceptionObject  0000000140005790 f   libvcruntimed:ehhelpers.obj
 0001:00004890       ?_CallMemberFunction0@@YAXQEAX0@Z 0000000140005890 f i libvcruntimed:ehhelpers.obj
 0001:000048c0       _IsExceptionObjectToBeDestroyed 00000001400058c0 f   libvcruntimed:ehhelpers.obj
 0001:00004910       __AdjustPointer            0000000140005910 f   libvcruntimed:ehhelpers.obj
 0001:00004990       __FrameUnwindFilter        0000000140005990 f   libvcruntimed:ehhelpers.obj
 0001:00004a60       ?detach@?$__crt_unique_heap_ptr@PEADU__crt_internal_free_policy@@@@QEAAPEAPEADXZ 0000000140005a60 f i libucrtd:argv_parsing.obj
 0001:00004a60       ?detach@?$__crt_unique_heap_ptr@P6AXXZU__crt_internal_free_policy@@@@QEAAPEAP6AXXZXZ 0000000140005a60 f i libucrtd:onexit.obj
 0001:00004a60       ?detach@?$__crt_unique_heap_ptr@DU__crt_public_free_policy@@@@QEAAPEADXZ 0000000140005a60 f i libvcruntimed:std_exception.obj
 0001:00004a60       ?detach@?$__crt_unique_heap_ptr@U__acrt_ptd@@U__crt_internal_free_policy@@@@QEAAPEAU__acrt_ptd@@XZ 0000000140005a60 f i libucrtd:per_thread_data.obj
 0001:00004a60       ?detach@?$__crt_unique_heap_ptr@EU__crt_internal_free_policy@@@@QEAAPEAEXZ 0000000140005a60 f i libucrtd:argv_parsing.obj
 0001:00004a60       ?detach@?$__crt_unique_heap_ptr@PEAU__crt_stdio_stream_data@@U__crt_internal_free_policy@@@@QEAAPEAPEAU__crt_stdio_stream_data@@XZ 0000000140005a60 f i libucrtd:_file.obj
 0001:00004a60       ?detach@?$__crt_unique_heap_ptr@U__vcrt_ptd@@U__crt_internal_free_policy@@@@QEAAPEAU__vcrt_ptd@@XZ 0000000140005a60 f i libvcruntimed:per_thread_data.obj
 0001:00004a60       ?detach@?$__crt_unique_heap_ptr@U__crt_multibyte_data@@U__crt_internal_free_policy@@@@QEAAPEAU__crt_multibyte_data@@XZ 0000000140005a60 f i libucrtd:wsetlocale.obj
 0001:00004a60       ?detach@?$__crt_unique_heap_ptr@U__crt_lowio_handle_data@@U__crt_internal_free_policy@@@@QEAAPEAU__crt_lowio_handle_data@@XZ 0000000140005a60 f i libucrtd:osfinfo.obj
 0001:00004ae0       __vcrt_freefls             0000000140005ae0 f   libvcruntimed:per_thread_data.obj
 0001:00004b20       __vcrt_getptd              0000000140005b20 f   libvcruntimed:per_thread_data.obj
 0001:00004b50       __vcrt_getptd_noexit       0000000140005b50 f   libvcruntimed:per_thread_data.obj
 0001:00004cf0       __vcrt_initialize_ptd      0000000140005cf0 f   libvcruntimed:per_thread_data.obj
 0001:00004d40       __vcrt_uninitialize_ptd    0000000140005d40 f   libvcruntimed:per_thread_data.obj
 0001:00004d70       __vcrt_initialize_locks    0000000140005d70 f   libvcruntimed:locks.obj
 0001:00004de0       __vcrt_uninitialize_locks  0000000140005de0 f   libvcruntimed:locks.obj
 0001:00004e40       ??$?BP6AXXZ@__crt_fast_encoded_nullptr_t@@QEBAPEAP6AXXZXZ 0000000140005e40 f i libucrtd:onexit.obj
 0001:00004e40       ??$?B$$A6AXXZ@__crt_fast_encoded_nullptr_t@@QEBAP6AXXZXZ 0000000140005e40 f i libvcruntimed:purevirt_data.obj
 0001:00004e40       ??$?BX@__crt_fast_encoded_nullptr_t@@QEBAPEAXXZ 0000000140005e40 f i libvcruntimed:winapi_downlevel.obj
 0001:00004e40       ??$?B$$A6AXH@Z@__crt_fast_encoded_nullptr_t@@QEBAP6AXH@ZXZ 0000000140005e40 f i libucrtd:signal.obj
 0001:00004e40       ??$?B$$A6AXPEAXK0@Z@__crt_fast_encoded_nullptr_t@@QEBAP6AXPEAXK0@ZXZ 0000000140005e40 f i libucrtd:exit.obj
 0001:00004e60       ??$__crt_interlocked_exchange_pointer@UHINSTANCE__@@PEAX@@YAPEAUHINSTANCE__@@PEDSEAU0@QEAX@Z 0000000140005e60 f i libvcruntimed:winapi_downlevel.obj
 0001:00004e60       ??$__crt_interlocked_exchange_pointer@UHINSTANCE__@@PEAU1@@@YAPEAUHINSTANCE__@@PEDSEAU0@QEAU0@@Z 0000000140005e60 f i libvcruntimed:winapi_downlevel.obj
 0001:00004e60       ??$__crt_interlocked_exchange_pointer@XPEAX@@YAPEAXPEDSEAXQEAX@Z 0000000140005e60 f i libvcruntimed:winapi_downlevel.obj
 0001:00004e80       ?__crt_fast_encode_pointer@@YA?AU__crt_fast_encoded_nullptr_t@@$$T@Z 0000000140005e80 f i libvcruntimed:winapi_downlevel.obj
 0001:00004ea0       ?get_invalid_value@__crt_findfile_traits@@SAPEAXXZ 0000000140005ea0 f   libucrtd:argv_wildcards.obj
 0001:000053e0       __vcrt_FlsAlloc            00000001400063e0 f   libvcruntimed:winapi_downlevel.obj
 0001:00005430       __vcrt_FlsFree             0000000140006430 f   libvcruntimed:winapi_downlevel.obj
 0001:00005480       __vcrt_FlsGetValue         0000000140006480 f   libvcruntimed:winapi_downlevel.obj
 0001:000054d0       __vcrt_FlsSetValue         00000001400064d0 f   libvcruntimed:winapi_downlevel.obj
 0001:00005530       __vcrt_InitializeCriticalSectionEx 0000000140006530 f   libvcruntimed:winapi_downlevel.obj
 0001:00005590       __vcrt_initialize_winapi_thunks 0000000140006590 f   libvcruntimed:winapi_downlevel.obj
 0001:00005610       __vcrt_uninitialize_winapi_thunks 0000000140006610 f   libvcruntimed:winapi_downlevel.obj
 0001:000056b0       __vcrt_initialize_pure_virtual_call_handler 00000001400066b0 f   libvcruntimed:purevirt_data.obj
 0001:000056e0       sprintf_s                  00000001400066e0 f i libvcruntimed:undname.obj
 0001:00005750       memcpy_repmovs             0000000140006750 f   libvcruntimed:memcpy.obj
 0001:00005770       memcpy                     0000000140006770 f   libvcruntimed:memcpy.obj
 0001:00005770       memmove                    0000000140006770 f   libvcruntimed:memcpy.obj
 0001:00005ba0       ??$?0AEAViterator@TryBlockMap@__FrameHandler3@@AEAV012@$0A@@?$pair@Viterator@TryBlockMap@__FrameHandler3@@V123@@std@@QEAA@AEAViterator@TryBlockMap@__FrameHandler3@@0@Z 0000000140006ba0 f i libvcruntimed:risctrnsctrl.obj
 0001:00005cb0       ??$_CallSETranslator@V__FrameHandler3@@@@YAHPEAUEHExceptionRecord@@PEA_KPEAU_CONTEXT@@PEAU_xDISPATCHER_CONTEXT@@PEBU_s_FuncInfo@@K1@Z 0000000140006cb0 f i libvcruntimed:risctrnsctrl.obj
 0001:00005d30       ?debug_info@?$__crt_win32_buffer@DU__crt_win32_buffer_no_resizing@@@@QEBAAEBV__crt_win32_buffer_empty_debug_info@@XZ 0000000140006d30 f i libucrtd:getmodulefilenamea.obj
 0001:00005d30       ?debug_info@?$__crt_win32_buffer@_WU__crt_win32_buffer_internal_dynamic_resizing@@@@QEBAAEBV__crt_win32_buffer_empty_debug_info@@XZ 0000000140006d30 f i libucrtd:argv_wildcards.obj
 0001:00005d30       ?get_address_of@?$__crt_unique_heap_ptr@PEADU__crt_internal_free_policy@@@@QEAAPEAPEAPEADXZ 0000000140006d30 f i libucrtd:argv_parsing.obj
 0001:00005d30       ?get_address_of@?$__crt_unique_handle_t@U__crt_hmodule_traits@@@@QEAAPEAPEAUHINSTANCE__@@XZ 0000000140006d30 f i libucrtd:exit.obj
 0001:00005d30       ?dangerous_get_state_array@?$dual_state_global@PEAU__crt_multibyte_data@@@__crt_state_management@@QEAAPEAPEAU__crt_multibyte_data@@XZ 0000000140006d30 f i libucrtd:mbctype.obj
 0001:00005d30       ?dangerous_get_state_array@?$dual_state_global@PEAE@__crt_state_management@@QEAAPEAPEAEXZ 0000000140006d30 f i libucrtd:mbctype.obj
 0001:00005d30       ?dangerous_get_state_array@?$dual_state_global@P6AXPEB_W00I_K@Z@__crt_state_management@@QEAAPEAP6AXPEB_W00I_K@ZXZ 0000000140006d30 f i libucrtd:invalid_parameter.obj
 0001:00005d30       ??$forward@AEAViterator@TryBlockMap@__FrameHandler3@@@std@@YAAEAViterator@TryBlockMap@__FrameHandler3@@AEAV123@@Z 0000000140006d30 f i libvcruntimed:risctrnsctrl.obj
 0001:00005d30       ?dangerous_get_state_array@?$dual_state_global@PEAU__crt_locale_data@@@__crt_state_management@@QEAAPEAPEAU__crt_locale_data@@XZ 0000000140006d30 f i libucrtd:per_thread_data.obj
 0001:00005d30       ?debug_info@?$__crt_win32_buffer@DU__crt_win32_buffer_internal_dynamic_resizing@@@@QEBAAEBV__crt_win32_buffer_empty_debug_info@@XZ 0000000140006d30 f i libucrtd:argv_wildcards.obj
 0001:00005d40       ??0iterator@HandlerMap@__FrameHandler3@@QEAA@AEAV12@I@Z 0000000140006d40 f i libvcruntimed:frame.obj
 0001:00005d40       ??0iterator@TryBlockMap@__FrameHandler3@@QEAA@AEAV12@I@Z 0000000140006d40 f i libvcruntimed:risctrnsctrl.obj
 0001:00005d70       ?CatchTryBlock@__FrameHandler3@@SAPEBU_s_TryBlockMapEntry@@PEBU_s_FuncInfo@@H@Z 0000000140006d70 f   libvcruntimed:risctrnsctrl.obj
 0001:00005e10       ?ExecutionInCatch@__FrameHandler3@@SA_NPEAU_xDISPATCHER_CONTEXT@@PEBU_s_FuncInfo@@@Z 0000000140006e10 f   libvcruntimed:risctrnsctrl.obj
 0001:00005e60       ?FrameUnwindToEmptyState@__FrameHandler3@@SAXPEA_KPEAU_xDISPATCHER_CONTEXT@@PEBU_s_FuncInfo@@@Z 0000000140006e60 f   libvcruntimed:risctrnsctrl.obj
 0001:00005f00       ?GetEstablisherFrame@__FrameHandler3@@SAPEA_KPEA_KPEAU_xDISPATCHER_CONTEXT@@PEBU_s_FuncInfo@@0@Z 0000000140006f00 f   libvcruntimed:risctrnsctrl.obj
 0001:00006070       ?GetRangeOfTrysToCheck@__FrameHandler3@@SA?AU?$pair@Viterator@TryBlockMap@__FrameHandler3@@V123@@std@@AEAVTryBlockMap@1@HH@Z 0000000140007070 f   libvcruntimed:risctrnsctrl.obj
 0001:000062c0       ?UnwindNestedFrames@__FrameHandler3@@SAXPEA_KPEAUEHExceptionRecord@@PEAU_CONTEXT@@0PEAXPEBU_s_FuncInfo@@HHPEBU_s_HandlerType@@PEAU_xDISPATCHER_CONTEXT@@E@Z 00000001400072c0 f   libvcruntimed:risctrnsctrl.obj
 0001:00006430       ?getpDC@TryBlockMap@__FrameHandler3@@QEAAPEAU_xDISPATCHER_CONTEXT@@XZ 0000000140007430 f i libvcruntimed:risctrnsctrl.obj
 0001:00006440       _CreateFrameInfo           0000000140007440 f   libvcruntimed:risctrnsctrl.obj
 0001:000064b0       _FindAndUnlinkFrame        00000001400074b0 f   libvcruntimed:risctrnsctrl.obj
 0001:00006530       _GetImageBase              0000000140007530 f   libvcruntimed:risctrnsctrl.obj
 0001:00006550       _GetThrowImageBase         0000000140007550 f   libvcruntimed:risctrnsctrl.obj
 0001:00006570       _SetImageBase              0000000140007570 f   libvcruntimed:risctrnsctrl.obj
 0001:00006590       _SetThrowImageBase         0000000140007590 f   libvcruntimed:risctrnsctrl.obj
 0001:000065b0       __CxxFrameHandler3         00000001400075b0 f   libvcruntimed:risctrnsctrl.obj
 0001:00006670       ?GetCurrentState@__FrameHandler3@@SAHPEA_KPEAU_xDISPATCHER_CONTEXT@@PEBU_s_FuncInfo@@@Z 0000000140007670 f   libvcruntimed:ehstate.obj
 0001:000066d0       ?GetUnwindTryBlock@__FrameHandler3@@SAHPEA_KPEAU_xDISPATCHER_CONTEXT@@PEBU_s_FuncInfo@@@Z 00000001400076d0 f   libvcruntimed:ehstate.obj
 0001:00006720       ?SetState@__FrameHandler3@@SAXPEA_KPEBU_s_FuncInfo@@H@Z 0000000140007720 f   libvcruntimed:ehstate.obj
 0001:00006750       ?SetUnwindTryBlock@__FrameHandler3@@SAXPEA_KPEAU_xDISPATCHER_CONTEXT@@PEBU_s_FuncInfo@@H@Z 0000000140007750 f   libvcruntimed:ehstate.obj
 0001:000067c0       ?StateFromControlPc@__FrameHandler3@@SAHPEBU_s_FuncInfo@@PEAU_xDISPATCHER_CONTEXT@@@Z 00000001400077c0 f   libvcruntimed:ehstate.obj
 0001:00006800       ?StateFromIp@__FrameHandler3@@SAHPEBU_s_FuncInfo@@PEAU_xDISPATCHER_CONTEXT@@_K@Z 0000000140007800 f   libvcruntimed:ehstate.obj
 0001:00007a50       ??$TypeMatchHelper@V__FrameHandler3@@@@YAHPEBU_s_HandlerType@@PEBU_s_CatchableType@@PEBU_s_ThrowInfo@@@Z 0000000140008a50 f i libvcruntimed:frame.obj
 0001:00007c40       ??$__InternalCxxFrameHandler@V__FrameHandler3@@@@YA?AW4_EXCEPTION_DISPOSITION@@PEAUEHExceptionRecord@@PEA_KPEAU_CONTEXT@@PEAU_xDISPATCHER_CONTEXT@@PEBU_s_FuncInfo@@H1E@Z 0000000140008c40 f i libvcruntimed:frame.obj
 0001:000080c0       ??0HandlerMap@__FrameHandler3@@QEAA@PEBU_s_TryBlockMapEntry@@PEAU_xDISPATCHER_CONTEXT@@@Z 00000001400090c0 f i libvcruntimed:frame.obj
 0001:00008100       ??0TryBlockMap@__FrameHandler3@@QEAA@PEBU_s_FuncInfo@@PEAU_xDISPATCHER_CONTEXT@@@Z 0000000140009100 f i libvcruntimed:frame.obj
 0001:00008130       ??0bad_exception@std@@QEAA@AEBV01@@Z 0000000140009130 f i libvcruntimed:frame.obj
 0001:00008170       ??0bad_exception@std@@QEAA@XZ 0000000140009170 f i libvcruntimed:frame.obj
 0001:000081b0       ??0exception@std@@QEAA@AEBV01@@Z 00000001400091b0 f i libvcruntimed:frame.obj
 0001:00008210       ??0exception@std@@QEAA@QEBDH@Z 0000000140009210 f i libvcruntimed:frame.obj
 0001:00008260       ??1bad_exception@std@@UEAA@XZ 0000000140009260 f i libvcruntimed:frame.obj
 0001:00008280       ??1exception@std@@UEAA@XZ  0000000140009280 f i libvcruntimed:frame.obj
 0001:000082b0       ??8iterator@HandlerMap@__FrameHandler3@@QEBA_NAEBV012@@Z 00000001400092b0 f i libvcruntimed:frame.obj
 0001:000082f0       ??8type_info@@QEBA_NAEBV0@@Z 00000001400092f0 f i libvcruntimed:frame.obj
 0001:00008340       ??9iterator@HandlerMap@__FrameHandler3@@QEBA_NAEBV012@@Z 0000000140009340 f i libvcruntimed:frame.obj
 0001:00008380       ??Diterator@HandlerMap@__FrameHandler3@@QEAAPEBU_s_HandlerType@@XZ 0000000140009380 f i libvcruntimed:frame.obj
 0001:000083b0       ??Diterator@TryBlockMap@__FrameHandler3@@QEAAPEBU_s_TryBlockMapEntry@@XZ 00000001400093b0 f i libvcruntimed:frame.obj
 0001:000083f0       ??Eiterator@TryBlockMap@__FrameHandler3@@QEAAAEAV012@XZ 00000001400093f0 f i libvcruntimed:frame.obj
 0001:000083f0       ??Eiterator@HandlerMap@__FrameHandler3@@QEAAAEAV012@XZ 00000001400093f0 f i libvcruntimed:frame.obj
 0001:00008410       ??Miterator@TryBlockMap@__FrameHandler3@@QEBA_NAEBV012@@Z 0000000140009410 f i libvcruntimed:frame.obj
 0001:00008450       ??_Ebad_exception@std@@UEAAPEAXI@Z 0000000140009450 f i libvcruntimed:frame.obj
 0001:00008450       ??_Gbad_exception@std@@UEAAPEAXI@Z 0000000140009450 f i libvcruntimed:frame.obj
 0001:00008490       ??_Gexception@std@@UEAAPEAXI@Z 0000000140009490 f i libvcruntimed:frame.obj
 0001:00008490       ??_Eexception@std@@UEAAPEAXI@Z 0000000140009490 f i libvcruntimed:frame.obj
 0001:000084d0       ?BuildCatchObject@__FrameHandler3@@SAXPEAUEHExceptionRecord@@PEAXPEBU_s_HandlerType@@PEBU_s_CatchableType@@@Z 00000001400094d0 f   libvcruntimed:frame.obj
 0001:00008510       ?CxxCallCatchBlock@__FrameHandler3@@SAPEAXPEAU_EXCEPTION_RECORD@@@Z 0000000140009510 f   libvcruntimed:frame.obj
 0001:00008870       ?FrameUnwindToState@__FrameHandler3@@SAXPEA_KPEAU_xDISPATCHER_CONTEXT@@PEBU_s_FuncInfo@@H@Z 0000000140009870 f   libvcruntimed:frame.obj
 0001:00008b00       ?GetHandlerSearchState@__FrameHandler3@@SAHPEA_KPEAU_xDISPATCHER_CONTEXT@@PEBU_s_FuncInfo@@@Z 0000000140009b00 f i libvcruntimed:frame.obj
 0001:00008bb0       ?GetMaxState@__FrameHandler3@@SAHPEAU_xDISPATCHER_CONTEXT@@PEBU_s_FuncInfo@@@Z 0000000140009bb0 f i libvcruntimed:frame.obj
 0001:00008de0       ?TypeMatch@__FrameHandler3@@SAHPEBU_s_HandlerType@@PEBU_s_CatchableType@@PEBU_s_ThrowInfo@@@Z 0000000140009de0 f   libvcruntimed:frame.obj
 0001:00008de0       __TypeMatch                0000000140009de0 f   libvcruntimed:frame.obj
 0001:00008e10       ?_CallMemberFunction1@@YAXQEAX00@Z 0000000140009e10 f i libvcruntimed:frame.obj
 0001:00008e40       ?_CallMemberFunction2@@YAXQEAX00H@Z 0000000140009e40 f i libvcruntimed:frame.obj
 0001:00008e80       ?_ValidateExecute@@YA_NP6A_JXZ@Z 0000000140009e80 f i libvcruntimed:frame.obj
 0001:00008ea0       ?_ValidateRead@@YA_NPEBXI@Z 0000000140009ea0 f i libvcruntimed:frame.obj
 0001:00008ea0       ?_ValidateWrite@@YA_NPEAXI@Z 0000000140009ea0 f i libvcruntimed:frame.obj
 0001:00008f00       ?begin@HandlerMap@__FrameHandler3@@QEAA?AViterator@12@XZ 0000000140009f00 f i libvcruntimed:frame.obj
 0001:00008f30       ?end@HandlerMap@__FrameHandler3@@QEAA?AViterator@12@XZ 0000000140009f30 f i libvcruntimed:frame.obj
 0001:00008f60       ?getESTypes@__FrameHandler3@@SAPEBU_s_ESTypeList@@PEBU_s_FuncInfo@@@Z 0000000140009f60 f i libvcruntimed:frame.obj
 0001:00008fa0       ?getLastEntry@HandlerMap@__FrameHandler3@@QEAAPEBU_s_HandlerType@@XZ 0000000140009fa0 f i libvcruntimed:frame.obj
 0001:00008fc0       ?getMagicNum@__FrameHandler3@@SAIPEBU_s_FuncInfo@@@Z 0000000140009fc0 f i libvcruntimed:frame.obj
 0001:00008fe0       ?getNumTryBlocks@TryBlockMap@__FrameHandler3@@QEAAIXZ 0000000140009fe0 f i libvcruntimed:frame.obj
 0001:00009000       ?isEHs@__FrameHandler3@@SA_NPEBU_s_FuncInfo@@@Z 000000014000a000 f i libvcruntimed:frame.obj
 0001:00009040       ?isNoExcept@__FrameHandler3@@SA_NPEBU_s_FuncInfo@@@Z 000000014000a040 f i libvcruntimed:frame.obj
 0001:00009080       ?what@exception@std@@UEBAPEBDXZ 000000014000a080 f i libvcruntimed:frame.obj
 0001:000090c0       __vcrt_EncodePointer       000000014000a0c0 f i libvcruntimed:frame.obj
 0001:000090f0       memset_repmovs             000000014000a0f0 f   libvcruntimed:memset.obj
 0001:00009110       memset                     000000014000a110 f   libvcruntimed:memset.obj
 0001:000092b0       _CallSettingFrame          000000014000a2b0 f   libvcruntimed:handlers.obj
 0001:00009300       _CallSettingFrameEncoded   000000014000a300 f   libvcruntimed:handlers.obj
 0001:00009350       ??$?RD@__crt_public_free_policy@@QEBAXQEBD@Z 000000014000a350 f i libvcruntimed:std_exception.obj
 0001:00009370       ??1?$__crt_unique_heap_ptr@DU__crt_public_free_policy@@@@QEAA@XZ 000000014000a370 f i libvcruntimed:std_exception.obj
 0001:00009390       ?release@?$__crt_unique_heap_ptr@DU__crt_public_free_policy@@@@QEAAXXZ 000000014000a390 f i libvcruntimed:std_exception.obj
 0001:000093c0       __std_exception_copy       000000014000a3c0 f   libvcruntimed:std_exception.obj
 0001:000094f0       __std_exception_destroy    000000014000a4f0 f   libvcruntimed:std_exception.obj
 0001:00009530       _CxxThrowException         000000014000a530 f   libvcruntimed:throw.obj
 0001:00009680       ??$?0AEBV?$string_output_adapter@D@__crt_stdio_output@@AEB_KAEBQEBDAEBQEAU__crt_locale_pointers@@AEBQEAD@?$format_validation_base@DV?$string_output_adapter@D@__crt_stdio_output@@@__crt_stdio_output@@IEAA@AEBV?$string_output_adapter@D@1@AEB_KAEBQEBDAEBQEAU__crt_locale_pointers@@AEBQEAD@Z 000000014000a680 f i libucrtd:output.obj
 0001:000096d0       ??$?0AEBV?$string_output_adapter@D@__crt_stdio_output@@AEB_KAEBQEBDAEBQEAU__crt_locale_pointers@@AEBQEAD@?$standard_base@DV?$string_output_adapter@D@__crt_stdio_output@@@__crt_stdio_output@@IEAA@AEBV?$string_output_adapter@D@1@AEB_KAEBQEBDAEBQEAU__crt_locale_pointers@@AEBQEAD@Z 000000014000a6d0 f i libucrtd:output.obj
 0001:00009740       ??$?0AEBV?$string_output_adapter@_W@__crt_stdio_output@@AEB_KAEBQEB_WAEBQEAU__crt_locale_pointers@@AEBQEAD@?$format_validation_base@_WV?$string_output_adapter@_W@__crt_stdio_output@@@__crt_stdio_output@@IEAA@AEBV?$string_output_adapter@_W@1@AEB_KAEBQEB_WAEBQEAU__crt_locale_pointers@@AEBQEAD@Z 000000014000a740 f i libucrtd:output.obj
 0001:00009790       ??$?0AEBV?$string_output_adapter@_W@__crt_stdio_output@@AEB_KAEBQEB_WAEBQEAU__crt_locale_pointers@@AEBQEAD@?$standard_base@_WV?$string_output_adapter@_W@__crt_stdio_output@@@__crt_stdio_output@@IEAA@AEBV?$string_output_adapter@_W@1@AEB_KAEBQEB_WAEBQEAU__crt_locale_pointers@@AEBQEAD@Z 000000014000a790 f i libucrtd:output.obj
 0001:00009800       ??$__crt_interlocked_read@J@@YAJPEDJ@Z 000000014000a800 f i libucrtd:output.obj
 0001:0000b130       ??$count@D@formatting_buffer@__crt_stdio_output@@QEBA_KXZ 000000014000c130 f i libucrtd:output.obj
 0001:0000b180       ??$count@_W@formatting_buffer@__crt_stdio_output@@QEBA_KXZ 000000014000c180 f i libucrtd:output.obj
 0001:0000b1d0       ??$data@D@formatting_buffer@__crt_stdio_output@@QEAAPEADXZ 000000014000c1d0 f i libucrtd:output.obj
 0001:0000b1d0       ??$data@_W@formatting_buffer@__crt_stdio_output@@QEAAPEA_WXZ 000000014000c1d0 f i libucrtd:output.obj
 0001:0000b220       ??$ensure_buffer_is_big_enough@D@formatting_buffer@__crt_stdio_output@@QEAA_N_K@Z 000000014000c220 f i libucrtd:output.obj
 0001:0000b350       ??$ensure_buffer_is_big_enough@_W@formatting_buffer@__crt_stdio_output@@QEAA_N_K@Z 000000014000c350 f i libucrtd:output.obj
 0001:0000b480       ??$extract_argument_from_va_list@C_J@?$standard_base@_WV?$string_output_adapter@_W@__crt_stdio_output@@@__crt_stdio_output@@IEAA_NAEA_J@Z 000000014000c480 f i libucrtd:output.obj
 0001:0000b480       ??$extract_argument_from_va_list@C_J@?$standard_base@DV?$string_output_adapter@D@__crt_stdio_output@@@__crt_stdio_output@@IEAA_NAEA_J@Z 000000014000c480 f i libucrtd:output.obj
 0001:0000b4c0       ??$extract_argument_from_va_list@E_J@?$standard_base@DV?$string_output_adapter@D@__crt_stdio_output@@@__crt_stdio_output@@IEAA_NAEA_J@Z 000000014000c4c0 f i libucrtd:output.obj
 0001:0000b4c0       ??$extract_argument_from_va_list@E_J@?$standard_base@_WV?$string_output_adapter@_W@__crt_stdio_output@@@__crt_stdio_output@@IEAA_NAEA_J@Z 000000014000c4c0 f i libucrtd:output.obj
 0001:0000b500       ??$extract_argument_from_va_list@F_J@?$standard_base@_WV?$string_output_adapter@_W@__crt_stdio_output@@@__crt_stdio_output@@IEAA_NAEA_J@Z 000000014000c500 f i libucrtd:output.obj
 0001:0000b500       ??$extract_argument_from_va_list@F_J@?$standard_base@DV?$string_output_adapter@D@__crt_stdio_output@@@__crt_stdio_output@@IEAA_NAEA_J@Z 000000014000c500 f i libucrtd:output.obj
 0001:0000b540       ??$extract_argument_from_va_list@GD@?$standard_base@DV?$string_output_adapter@D@__crt_stdio_output@@@__crt_stdio_output@@IEAA_NAEAD@Z 000000014000c540 f i libucrtd:output.obj
 0001:0000b570       ??$extract_argument_from_va_list@G_J@?$standard_base@DV?$string_output_adapter@D@__crt_stdio_output@@@__crt_stdio_output@@IEAA_NAEA_J@Z 000000014000c570 f i libucrtd:output.obj
 0001:0000b570       ??$extract_argument_from_va_list@G_J@?$standard_base@_WV?$string_output_adapter@_W@__crt_stdio_output@@@__crt_stdio_output@@IEAA_NAEA_J@Z 000000014000c570 f i libucrtd:output.obj
 0001:0000b5b0       ??$extract_argument_from_va_list@H_J@?$standard_base@DV?$string_output_adapter@D@__crt_stdio_output@@@__crt_stdio_output@@IEAA_NAEA_J@Z 000000014000c5b0 f i libucrtd:output.obj
 0001:0000b5b0       ??$extract_argument_from_va_list@H_J@?$standard_base@_WV?$string_output_adapter@_W@__crt_stdio_output@@@__crt_stdio_output@@IEAA_NAEA_J@Z 000000014000c5b0 f i libucrtd:output.obj
 0001:0000b5e0       ??$extract_argument_from_va_list@I_J@?$standard_base@_WV?$string_output_adapter@_W@__crt_stdio_output@@@__crt_stdio_output@@IEAA_NAEA_J@Z 000000014000c5e0 f i libucrtd:output.obj
 0001:0000b5e0       ??$extract_argument_from_va_list@I_J@?$standard_base@DV?$string_output_adapter@D@__crt_stdio_output@@@__crt_stdio_output@@IEAA_NAEA_J@Z 000000014000c5e0 f i libucrtd:output.obj
 0001:0000b610       ??$extract_argument_from_va_list@_K_J@?$standard_base@_WV?$string_output_adapter@_W@__crt_stdio_output@@@__crt_stdio_output@@IEAA_NAEA_J@Z 000000014000c610 f i libucrtd:output.obj
 0001:0000b610       ??$extract_argument_from_va_list@_K_J@?$standard_base@DV?$string_output_adapter@D@__crt_stdio_output@@@__crt_stdio_output@@IEAA_NAEA_J@Z 000000014000c610 f i libucrtd:output.obj
 0001:0000b610       ??$extract_argument_from_va_list@_J_J@?$standard_base@_WV?$string_output_adapter@_W@__crt_stdio_output@@@__crt_stdio_output@@IEAA_NAEA_J@Z 000000014000c610 f i libucrtd:output.obj
 0001:0000b610       ??$extract_argument_from_va_list@PEADPEAD@?$standard_base@_WV?$string_output_adapter@_W@__crt_stdio_output@@@__crt_stdio_output@@IEAA_NAEAPEAD@Z 000000014000c610 f i libucrtd:output.obj
 0001:0000b610       ??$extract_argument_from_va_list@_J_J@?$standard_base@DV?$string_output_adapter@D@__crt_stdio_output@@@__crt_stdio_output@@IEAA_NAEA_J@Z 000000014000c610 f i libucrtd:output.obj
 0001:0000b610       ??$extract_argument_from_va_list@PEADPEAD@?$standard_base@DV?$string_output_adapter@D@__crt_stdio_output@@@__crt_stdio_output@@IEAA_NAEAPEAD@Z 000000014000c610 f i libucrtd:output.obj
 0001:0000b610       ??$extract_argument_from_va_list@PEAXPEAX@?$standard_base@_WV?$string_output_adapter@_W@__crt_stdio_output@@@__crt_stdio_output@@IEAA_NAEAPEAX@Z 000000014000c610 f i libucrtd:output.obj
 0001:0000b610       ??$extract_argument_from_va_list@PEAXPEAX@?$standard_base@DV?$string_output_adapter@D@__crt_stdio_output@@@__crt_stdio_output@@IEAA_NAEAPEAX@Z 000000014000c610 f i libucrtd:output.obj
 0001:0000b670       ??$extract_argument_from_va_list@U_CRT_DOUBLE@@U1@@?$standard_base@DV?$string_output_adapter@D@__crt_stdio_output@@@__crt_stdio_output@@IEAA_NAEAU_CRT_DOUBLE@@@Z 000000014000c670 f i libucrtd:output.obj
 0001:0000b670       ??$extract_argument_from_va_list@U_CRT_DOUBLE@@U1@@?$standard_base@_WV?$string_output_adapter@_W@__crt_stdio_output@@@__crt_stdio_output@@IEAA_NAEAU_CRT_DOUBLE@@@Z 000000014000c670 f i libucrtd:output.obj
 0001:0000b6c0       ??$extract_argument_from_va_list@_W_W@?$standard_base@_WV?$string_output_adapter@_W@__crt_stdio_output@@@__crt_stdio_output@@IEAA_NAEA_W@Z 000000014000c6c0 f i libucrtd:output.obj
 0001:0000b6c0       ??$extract_argument_from_va_list@_W_W@?$standard_base@DV?$string_output_adapter@D@__crt_stdio_output@@@__crt_stdio_output@@IEAA_NAEA_W@Z 000000014000c6c0 f i libucrtd:output.obj
 0001:0000b6f0       ??$is_wide_character_specifier@D@__crt_stdio_output@@YA_N_KDW4length_modifier@0@@Z 000000014000c6f0 f i libucrtd:output.obj
 0001:0000b790       ??$is_wide_character_specifier@_W@__crt_stdio_output@@YA_N_K_WW4length_modifier@0@@Z 000000014000c790 f i libucrtd:output.obj
 0001:0000b860       ??$read_va_arg@E@__crt_stdio_output@@YAEAEAPEAD@Z 000000014000c860 f i libucrtd:output.obj
 0001:0000b860       ??$read_va_arg@C@__crt_stdio_output@@YACAEAPEAD@Z 000000014000c860 f i libucrtd:output.obj
 0001:0000b8d0       ??$read_va_arg@_W@__crt_stdio_output@@YA_WAEAPEAD@Z 000000014000c8d0 f i libucrtd:output.obj
 0001:0000b8d0       ??$read_va_arg@G@__crt_stdio_output@@YAGAEAPEAD@Z 000000014000c8d0 f i libucrtd:output.obj
 0001:0000b8d0       ??$read_va_arg@F@__crt_stdio_output@@YAFAEAPEAD@Z 000000014000c8d0 f i libucrtd:output.obj
 0001:0000b940       ??$read_va_arg@H@__crt_stdio_output@@YAHAEAPEAD@Z 000000014000c940 f i libucrtd:output.obj
 0001:0000b940       ??$read_va_arg@I@__crt_stdio_output@@YAIAEAPEAD@Z 000000014000c940 f i libucrtd:output.obj
 0001:0000b9a0       ??$read_va_arg@PEAD@__crt_stdio_output@@YAPEADAEAPEAD@Z 000000014000c9a0 f i libucrtd:output.obj
 0001:0000b9a0       ??$read_va_arg@PEAX@__crt_stdio_output@@YAPEAXAEAPEAD@Z 000000014000c9a0 f i libucrtd:output.obj
 0001:0000b9a0       ??$read_va_arg@_J@__crt_stdio_output@@YA_JAEAPEAD@Z 000000014000c9a0 f i libucrtd:output.obj
 0001:0000b9a0       ??$read_va_arg@U_CRT_DOUBLE@@@__crt_stdio_output@@YA?AU_CRT_DOUBLE@@AEAPEAD@Z 000000014000c9a0 f i libucrtd:output.obj
 0001:0000b9a0       ??$read_va_arg@_K@__crt_stdio_output@@YA_KAEAPEAD@Z 000000014000c9a0 f i libucrtd:output.obj
 0001:0000ba80       ??$scratch_count@D@formatting_buffer@__crt_stdio_output@@QEBA_KXZ 000000014000ca80 f i libucrtd:output.obj
 0001:0000baa0       ??$scratch_data@D@formatting_buffer@__crt_stdio_output@@QEAAPEADXZ 000000014000caa0 f i libucrtd:output.obj
 0001:0000bb10       ??$tcstol@PEBDPEAPEADH@?$__crt_char_traits@D@@SAJ$$QEAPEBD$$QEAPEAPEAD$$QEAH@Z 000000014000cb10 f i libucrtd:output.obj
 0001:0000bb50       ??$tcstol@PEB_WPEAPEA_WH@?$__crt_char_traits@_W@@SAJ$$QEAPEB_W$$QEAPEAPEA_W$$QEAH@Z 000000014000cb50 f i libucrtd:output.obj
 0001:0000bb90       ??$type_case_integer_parse_into_buffer@I@?$output_processor@DV?$string_output_adapter@D@__crt_stdio_output@@V?$format_validation_base@DV?$string_output_adapter@D@__crt_stdio_output@@@2@@__crt_stdio_output@@AEAAXII_N@Z 000000014000cb90 f i libucrtd:output.obj
 0001:0000bcc0       ??$type_case_integer_parse_into_buffer@I@?$output_processor@_WV?$string_output_adapter@_W@__crt_stdio_output@@V?$format_validation_base@_WV?$string_output_adapter@_W@__crt_stdio_output@@@2@@__crt_stdio_output@@AEAAXII_N@Z 000000014000ccc0 f i libucrtd:output.obj
 0001:0000be00       ??$type_case_integer_parse_into_buffer@_K@?$output_processor@DV?$string_output_adapter@D@__crt_stdio_output@@V?$format_validation_base@DV?$string_output_adapter@D@__crt_stdio_output@@@2@@__crt_stdio_output@@AEAAX_KI_N@Z 000000014000ce00 f i libucrtd:output.obj
 0001:0000bf50       ??$type_case_integer_parse_into_buffer@_K@?$output_processor@_WV?$string_output_adapter@_W@__crt_stdio_output@@V?$format_validation_base@_WV?$string_output_adapter@_W@__crt_stdio_output@@@2@@__crt_stdio_output@@AEAAX_KI_N@Z 000000014000cf50 f i libucrtd:output.obj
 0001:0000c0b0       ??$write_multiple_characters@V?$string_output_adapter@D@__crt_stdio_output@@D@__crt_stdio_output@@YAXAEBV?$string_output_adapter@D@0@DHQEAH@Z 000000014000d0b0 f i libucrtd:output.obj
 0001:0000c110       ??$write_multiple_characters@V?$string_output_adapter@_W@__crt_stdio_output@@D@__crt_stdio_output@@YAXAEBV?$string_output_adapter@_W@0@DHQEAH@Z 000000014000d110 f i libucrtd:output.obj
 0001:0000c170       ??0?$common_data@D@__crt_stdio_output@@IEAA@XZ 000000014000d170 f i libucrtd:output.obj
 0001:0000c240       ??0?$common_data@_W@__crt_stdio_output@@IEAA@XZ 000000014000d240 f i libucrtd:output.obj
 0001:0000c310       ??0?$output_adapter_data@DV?$string_output_adapter@D@__crt_stdio_output@@@__crt_stdio_output@@IEAA@AEBV?$string_output_adapter@D@1@_KQEBDQEAU__crt_locale_pointers@@QEAD@Z 000000014000d310 f i libucrtd:output.obj
 0001:0000c390       ??0?$output_adapter_data@_WV?$string_output_adapter@_W@__crt_stdio_output@@@__crt_stdio_output@@IEAA@AEBV?$string_output_adapter@_W@1@_KQEB_WQEAU__crt_locale_pointers@@QEAD@Z 000000014000d390 f i libucrtd:output.obj
 0001:0000c410       ??0?$output_processor@DV?$string_output_adapter@D@__crt_stdio_output@@V?$format_validation_base@DV?$string_output_adapter@D@__crt_stdio_output@@@2@@__crt_stdio_output@@QEAA@AEBV?$string_output_adapter@D@1@_KQEBDQEAU__crt_locale_pointers@@QEAD@Z 000000014000d410 f i libucrtd:output.obj
 0001:0000c460       ??0?$output_processor@_WV?$string_output_adapter@_W@__crt_stdio_output@@V?$format_validation_base@_WV?$string_output_adapter@_W@__crt_stdio_output@@@2@@__crt_stdio_output@@QEAA@AEBV?$string_output_adapter@_W@1@_KQEB_WQEAU__crt_locale_pointers@@QEAD@Z 000000014000d460 f i libucrtd:output.obj
 0001:0000c4b0       ??0_LocaleUpdate@@QEAA@QEAU__crt_locale_pointers@@@Z 000000014000d4b0 f i libucrtd:output.obj
 0001:0000c5d0       ??0__crt_deferred_errno_cache@@QEAA@XZ 000000014000d5d0 f i libucrtd:output.obj
 0001:0000c5f0       ??0__crt_errno_guard@@QEAA@QEAH@Z 000000014000d5f0 f i libucrtd:output.obj
 0001:0000c630       ??0formatting_buffer@__crt_stdio_output@@QEAA@XZ 000000014000d630 f i libucrtd:output.obj
 0001:0000c670       ??1?$common_data@_W@__crt_stdio_output@@QEAA@XZ 000000014000d670 f i libucrtd:output.obj
 0001:0000c670       ??1?$common_data@D@__crt_stdio_output@@QEAA@XZ 000000014000d670 f i libucrtd:output.obj
 0001:0000c690       ??1?$format_validation_base@DV?$string_output_adapter@D@__crt_stdio_output@@@__crt_stdio_output@@QEAA@XZ 000000014000d690 f i libucrtd:output.obj
 0001:0000c690       ??1?$format_validation_base@_WV?$string_output_adapter@_W@__crt_stdio_output@@@__crt_stdio_output@@QEAA@XZ 000000014000d690 f i libucrtd:output.obj
 0001:0000c6b0       ??1?$output_adapter_data@_WV?$string_output_adapter@_W@__crt_stdio_output@@@__crt_stdio_output@@QEAA@XZ 000000014000d6b0 f i libucrtd:output.obj
 0001:0000c6b0       ??1?$output_adapter_data@DV?$string_output_adapter@D@__crt_stdio_output@@@__crt_stdio_output@@QEAA@XZ 000000014000d6b0 f i libucrtd:output.obj
 0001:0000c6d0       ??1?$output_processor@DV?$string_output_adapter@D@__crt_stdio_output@@V?$format_validation_base@DV?$string_output_adapter@D@__crt_stdio_output@@@2@@__crt_stdio_output@@QEAA@XZ 000000014000d6d0 f i libucrtd:output.obj
 0001:0000c6d0       ??1?$output_processor@_WV?$string_output_adapter@_W@__crt_stdio_output@@V?$format_validation_base@_WV?$string_output_adapter@_W@__crt_stdio_output@@@2@@__crt_stdio_output@@QEAA@XZ 000000014000d6d0 f i libucrtd:output.obj
 0001:0000c6f0       ??1?$standard_base@DV?$string_output_adapter@D@__crt_stdio_output@@@__crt_stdio_output@@QEAA@XZ 000000014000d6f0 f i libucrtd:output.obj
 0001:0000c6f0       ??1?$standard_base@_WV?$string_output_adapter@_W@__crt_stdio_output@@@__crt_stdio_output@@QEAA@XZ 000000014000d6f0 f i libucrtd:output.obj
 0001:0000c710       ??1_LocaleUpdate@@QEAA@XZ  000000014000d710 f i libucrtd:output.obj
 0001:0000c750       ??1__crt_errno_guard@@QEAA@XZ 000000014000d750 f i libucrtd:output.obj
 0001:0000c780       ??1formatting_buffer@__crt_stdio_output@@QEAA@XZ 000000014000d780 f i libucrtd:output.obj
 0001:0000c7b0       ??4?$__crt_unique_heap_ptr@DU__crt_internal_free_policy@@@@QEAAAEAV0@$$QEAV0@@Z 000000014000d7b0 f i libucrtd:output.obj
 0001:0000c7f0       ?GetLocaleT@_LocaleUpdate@@QEAAPEAU__crt_locale_pointers@@XZ 000000014000d7f0 f i libucrtd:output.obj
 0001:0000c800       ?__crt_interlocked_read_32@@YAHPEDH@Z 000000014000d800 f i libucrtd:output.obj
 0001:0000c820       ?adjust_hexit@?$output_processor@DV?$string_output_adapter@D@__crt_stdio_output@@V?$format_validation_base@DV?$string_output_adapter@D@__crt_stdio_output@@@2@@__crt_stdio_output@@CADH_N@Z 000000014000d820 f i libucrtd:output.obj
 0001:0000c820       ?adjust_hexit@?$output_processor@_WV?$string_output_adapter@_W@__crt_stdio_output@@V?$format_validation_base@_WV?$string_output_adapter@_W@__crt_stdio_output@@@2@@__crt_stdio_output@@CADH_N@Z 000000014000d820 f i libucrtd:output.obj
 0001:0000c870       ?advance_to_next_pass@?$standard_base@DV?$string_output_adapter@D@__crt_stdio_output@@@__crt_stdio_output@@IEAA_NXZ 000000014000d870 f i libucrtd:output.obj
 0001:0000c870       ?advance_to_next_pass@?$standard_base@_WV?$string_output_adapter@_W@__crt_stdio_output@@@__crt_stdio_output@@IEAA_NXZ 000000014000d870 f i libucrtd:output.obj
 0001:0000c8c0       ?crop_zeroes@__crt_stdio_output@@YAXPEADQEAU__crt_locale_pointers@@@Z 000000014000d8c0 f i libucrtd:output.obj
 0001:0000ca00       ?find_next_state@?$output_processor@DV?$string_output_adapter@D@__crt_stdio_output@@V?$format_validation_base@DV?$string_output_adapter@D@__crt_stdio_output@@@2@@__crt_stdio_output@@AEBA?AW4state@2@DW432@@Z 000000014000da00 f i libucrtd:output.obj
 0001:0000caa0       ?find_next_state@?$output_processor@_WV?$string_output_adapter@_W@__crt_stdio_output@@V?$format_validation_base@_WV?$string_output_adapter@_W@__crt_stdio_output@@@2@@__crt_stdio_output@@AEBA?AW4state@2@_WW432@@Z 000000014000daa0 f i libucrtd:output.obj
 0001:0000cb40       ?force_decimal_point@__crt_stdio_output@@YAXPEADQEAU__crt_locale_pointers@@@Z 000000014000db40 f i libucrtd:output.obj
 0001:0000cc20       ?get@__crt_deferred_errno_cache@@QEAAAEAHXZ 000000014000dc20 f i libucrtd:output.obj
 0001:0000cc50       ?get_flags@__crt_stdio_stream@@QEBAJXZ 000000014000dc50 f i libucrtd:output.obj
 0001:0000cc80       ?has_flag@?$output_processor@DV?$string_output_adapter@D@__crt_stdio_output@@V?$format_validation_base@DV?$string_output_adapter@D@__crt_stdio_output@@@2@@__crt_stdio_output@@AEBA_NI@Z 000000014000dc80 f i libucrtd:output.obj
 0001:0000cc80       ?has_flag@?$output_processor@_WV?$string_output_adapter@_W@__crt_stdio_output@@V?$format_validation_base@_WV?$string_output_adapter@_W@__crt_stdio_output@@@2@@__crt_stdio_output@@AEBA_NI@Z 000000014000dc80 f i libucrtd:output.obj
 0001:0000ccc0       ?is_string_backed@__crt_stdio_stream@@QEBA_NXZ 000000014000dcc0 f i libucrtd:output.obj
 0001:0000cd00       ?narrow_null_string@?$output_processor@DV?$string_output_adapter@D@__crt_stdio_output@@V?$format_validation_base@DV?$string_output_adapter@D@__crt_stdio_output@@@2@@__crt_stdio_output@@CAPEADXZ 000000014000dd00 f i libucrtd:output.obj
 0001:0000cd00       ?narrow_null_string@?$output_processor@_WV?$string_output_adapter@_W@__crt_stdio_output@@V?$format_validation_base@_WV?$string_output_adapter@_W@__crt_stdio_output@@@2@@__crt_stdio_output@@CAPEADXZ 000000014000dd00 f i libucrtd:output.obj
 0001:0000cd10       ?parse_int_from_format_string@?$output_processor@DV?$string_output_adapter@D@__crt_stdio_output@@V?$format_validation_base@DV?$string_output_adapter@D@__crt_stdio_output@@@2@@__crt_stdio_output@@AEAA_NQEAH@Z 000000014000dd10 f i libucrtd:output.obj
 0001:0000ce00       ?parse_int_from_format_string@?$output_processor@_WV?$string_output_adapter@_W@__crt_stdio_output@@V?$format_validation_base@_WV?$string_output_adapter@_W@__crt_stdio_output@@@2@@__crt_stdio_output@@AEAA_NQEAH@Z 000000014000de00 f i libucrtd:output.obj
 0001:0000cef0       ?process@?$output_processor@DV?$string_output_adapter@D@__crt_stdio_output@@V?$format_validation_base@DV?$string_output_adapter@D@__crt_stdio_output@@@2@@__crt_stdio_output@@QEAAHXZ 000000014000def0 f i libucrtd:output.obj
 0001:0000d250       ?process@?$output_processor@_WV?$string_output_adapter@_W@__crt_stdio_output@@V?$format_validation_base@_WV?$string_output_adapter@_W@__crt_stdio_output@@@2@@__crt_stdio_output@@QEAAHXZ 000000014000e250 f i libucrtd:output.obj
 0001:0000d5b0       ?set_flag@?$output_processor@_WV?$string_output_adapter@_W@__crt_stdio_output@@V?$format_validation_base@_WV?$string_output_adapter@_W@__crt_stdio_output@@@2@@__crt_stdio_output@@AEAAXI@Z 000000014000e5b0 f i libucrtd:output.obj
 0001:0000d5b0       ?set_flag@?$output_processor@DV?$string_output_adapter@D@__crt_stdio_output@@V?$format_validation_base@DV?$string_output_adapter@D@__crt_stdio_output@@@2@@__crt_stdio_output@@AEAAXI@Z 000000014000e5b0 f i libucrtd:output.obj
 0001:0000d5d0       ?should_format@?$standard_base@DV?$string_output_adapter@D@__crt_stdio_output@@@__crt_stdio_output@@IEAA_NXZ 000000014000e5d0 f i libucrtd:output.obj
 0001:0000d5d0       ?validate_state_for_type_case_a@?$standard_base@_WV?$string_output_adapter@_W@__crt_stdio_output@@@__crt_stdio_output@@IEBA_NXZ 000000014000e5d0 f i libucrtd:output.obj
 0001:0000d5d0       ?validate_state_for_type_case_a@?$standard_base@DV?$string_output_adapter@D@__crt_stdio_output@@@__crt_stdio_output@@IEBA_NXZ 000000014000e5d0 f i libucrtd:output.obj
 0001:0000d5d0       ?validate_and_update_state_at_beginning_of_format_character@?$standard_base@DV?$string_output_adapter@D@__crt_stdio_output@@@__crt_stdio_output@@IEAA_NXZ 000000014000e5d0 f i libucrtd:output.obj
 0001:0000d5d0       ?validate_and_update_state_at_beginning_of_format_character@?$standard_base@_WV?$string_output_adapter@_W@__crt_stdio_output@@@__crt_stdio_output@@IEAA_NXZ 000000014000e5d0 f i libucrtd:output.obj
 0001:0000d5d0       ?should_format@?$standard_base@_WV?$string_output_adapter@_W@__crt_stdio_output@@@__crt_stdio_output@@IEAA_NXZ 000000014000e5d0 f i libucrtd:output.obj
 0001:0000d5e0       ?should_skip_type_state_output@?$standard_base@DV?$string_output_adapter@D@__crt_stdio_output@@@__crt_stdio_output@@IEBA_NXZ 000000014000e5e0 f i libucrtd:output.obj
 0001:0000d5e0       ?should_skip_normal_state_processing@?$standard_base@DV?$string_output_adapter@D@__crt_stdio_output@@@__crt_stdio_output@@IEAA_NXZ 000000014000e5e0 f i libucrtd:output.obj
 0001:0000d5e0       ?should_skip_normal_state_processing@?$standard_base@_WV?$string_output_adapter@_W@__crt_stdio_output@@@__crt_stdio_output@@IEAA_NXZ 000000014000e5e0 f i libucrtd:output.obj
 0001:0000d5e0       ?should_skip_type_state_output@?$standard_base@_WV?$string_output_adapter@_W@__crt_stdio_output@@@__crt_stdio_output@@IEBA_NXZ 000000014000e5e0 f i libucrtd:output.obj
 0001:0000d5f0       ?state_case_dot@?$output_processor@DV?$string_output_adapter@D@__crt_stdio_output@@V?$format_validation_base@DV?$string_output_adapter@D@__crt_stdio_output@@@2@@__crt_stdio_output@@AEAA_NXZ 000000014000e5f0 f i libucrtd:output.obj
 0001:0000d5f0       ?state_case_dot@?$output_processor@_WV?$string_output_adapter@_W@__crt_stdio_output@@V?$format_validation_base@_WV?$string_output_adapter@_W@__crt_stdio_output@@@2@@__crt_stdio_output@@AEAA_NXZ 000000014000e5f0 f i libucrtd:output.obj
 0001:0000d610       ?state_case_flag@?$output_processor@DV?$string_output_adapter@D@__crt_stdio_output@@V?$format_validation_base@DV?$string_output_adapter@D@__crt_stdio_output@@@2@@__crt_stdio_output@@AEAA_NXZ 000000014000e610 f i libucrtd:output.obj
 0001:0000d6b0       ?state_case_flag@?$output_processor@_WV?$string_output_adapter@_W@__crt_stdio_output@@V?$format_validation_base@_WV?$string_output_adapter@_W@__crt_stdio_output@@@2@@__crt_stdio_output@@AEAA_NXZ 000000014000e6b0 f i libucrtd:output.obj
 0001:0000d750       ?state_case_normal@?$output_processor@DV?$string_output_adapter@D@__crt_stdio_output@@V?$format_validation_base@DV?$string_output_adapter@D@__crt_stdio_output@@@2@@__crt_stdio_output@@AEAA_NXZ 000000014000e750 f i libucrtd:output.obj
 0001:0000d830       ?state_case_normal@?$output_processor@_WV?$string_output_adapter@_W@__crt_stdio_output@@V?$format_validation_base@_WV?$string_output_adapter@_W@__crt_stdio_output@@@2@@__crt_stdio_output@@AEAA_NXZ 000000014000e830 f i libucrtd:output.obj
 0001:0000d910       ?state_case_normal_common@?$output_processor@DV?$string_output_adapter@D@__crt_stdio_output@@V?$format_validation_base@DV?$string_output_adapter@D@__crt_stdio_output@@@2@@__crt_stdio_output@@AEAA_NXZ 000000014000e910 f i libucrtd:output.obj
 0001:0000d960       ?state_case_normal_common@?$output_processor@_WV?$string_output_adapter@_W@__crt_stdio_output@@V?$format_validation_base@_WV?$string_output_adapter@_W@__crt_stdio_output@@@2@@__crt_stdio_output@@AEAA_NXZ 000000014000e960 f i libucrtd:output.obj
 0001:0000d9b0       ?state_case_normal_tchar@?$output_processor@DV?$string_output_adapter@D@__crt_stdio_output@@V?$format_validation_base@DV?$string_output_adapter@D@__crt_stdio_output@@@2@@__crt_stdio_output@@AEAA_ND@Z 000000014000e9b0 f i libucrtd:output.obj
 0001:0000daf0       ?state_case_normal_tchar@?$output_processor@_WV?$string_output_adapter@_W@__crt_stdio_output@@V?$format_validation_base@_WV?$string_output_adapter@_W@__crt_stdio_output@@@2@@__crt_stdio_output@@AEAA_N_W@Z 000000014000eaf0 f i libucrtd:output.obj
 0001:0000db10       ?state_case_percent@?$output_processor@DV?$string_output_adapter@D@__crt_stdio_output@@V?$format_validation_base@DV?$string_output_adapter@D@__crt_stdio_output@@@2@@__crt_stdio_output@@AEAA_NXZ 000000014000eb10 f i libucrtd:output.obj
 0001:0000db10       ?state_case_percent@?$output_processor@_WV?$string_output_adapter@_W@__crt_stdio_output@@V?$format_validation_base@_WV?$string_output_adapter@_W@__crt_stdio_output@@@2@@__crt_stdio_output@@AEAA_NXZ 000000014000eb10 f i libucrtd:output.obj
 0001:0000db60       ?state_case_precision@?$output_processor@DV?$string_output_adapter@D@__crt_stdio_output@@V?$format_validation_base@DV?$string_output_adapter@D@__crt_stdio_output@@@2@@__crt_stdio_output@@AEAA_NXZ 000000014000eb60 f i libucrtd:output.obj
 0001:0000dbe0       ?state_case_precision@?$output_processor@_WV?$string_output_adapter@_W@__crt_stdio_output@@V?$format_validation_base@_WV?$string_output_adapter@_W@__crt_stdio_output@@@2@@__crt_stdio_output@@AEAA_NXZ 000000014000ebe0 f i libucrtd:output.obj
 0001:0000dc60       ?state_case_size@?$output_processor@DV?$string_output_adapter@D@__crt_stdio_output@@V?$format_validation_base@DV?$string_output_adapter@D@__crt_stdio_output@@@2@@__crt_stdio_output@@AEAA_NXZ 000000014000ec60 f i libucrtd:output.obj
 0001:0000e0e0       ?state_case_size@?$output_processor@_WV?$string_output_adapter@_W@__crt_stdio_output@@V?$format_validation_base@_WV?$string_output_adapter@_W@__crt_stdio_output@@@2@@__crt_stdio_output@@AEAA_NXZ 000000014000f0e0 f i libucrtd:output.obj
 0001:0000e560       ?state_case_type@?$output_processor@DV?$string_output_adapter@D@__crt_stdio_output@@V?$format_validation_base@DV?$string_output_adapter@D@__crt_stdio_output@@@2@@__crt_stdio_output@@AEAA_NXZ 000000014000f560 f i libucrtd:output.obj
 0001:0000ea00       ?state_case_type@?$output_processor@_WV?$string_output_adapter@_W@__crt_stdio_output@@V?$format_validation_base@_WV?$string_output_adapter@_W@__crt_stdio_output@@@2@@__crt_stdio_output@@AEAA_NXZ 000000014000fa00 f i libucrtd:output.obj
 0001:0000ef60       ?state_case_width@?$output_processor@DV?$string_output_adapter@D@__crt_stdio_output@@V?$format_validation_base@DV?$string_output_adapter@D@__crt_stdio_output@@@2@@__crt_stdio_output@@AEAA_NXZ 000000014000ff60 f i libucrtd:output.obj
 0001:0000eff0       ?state_case_width@?$output_processor@_WV?$string_output_adapter@_W@__crt_stdio_output@@V?$format_validation_base@_WV?$string_output_adapter@_W@__crt_stdio_output@@@2@@__crt_stdio_output@@AEAA_NXZ 000000014000fff0 f i libucrtd:output.obj
 0001:0000f080       ?state_count@?$format_validation_base@_WV?$string_output_adapter@_W@__crt_stdio_output@@@__crt_stdio_output@@KAIXZ 0000000140010080 f i libucrtd:output.obj
 0001:0000f080       ?state_count@?$format_validation_base@DV?$string_output_adapter@D@__crt_stdio_output@@@__crt_stdio_output@@KAIXZ 0000000140010080 f i libucrtd:output.obj
 0001:0000f090       ?state_transition_table@?$format_validation_base@_WV?$string_output_adapter@_W@__crt_stdio_output@@@__crt_stdio_output@@KAPEBEXZ 0000000140010090 f i libucrtd:output.obj
 0001:0000f090       ?state_transition_table@?$format_validation_base@DV?$string_output_adapter@D@__crt_stdio_output@@@__crt_stdio_output@@KAPEBEXZ 0000000140010090 f i libucrtd:output.obj
 0001:0000f0a0       ?tchar_string@?$common_data@D@__crt_stdio_output@@IEAAAEAPEADD@Z 00000001400100a0 f i libucrtd:output.obj
 0001:0000f0c0       ?tchar_string@?$common_data@D@__crt_stdio_output@@IEAAAEAPEADXZ 00000001400100c0 f i libucrtd:output.obj
 0001:0000f0e0       ?tchar_string@?$common_data@_W@__crt_stdio_output@@IEAAAEAPEA_WXZ 00000001400100e0 f i libucrtd:output.obj
 0001:0000f100       ?tchar_string@?$common_data@_W@__crt_stdio_output@@IEAAAEAPEA_W_W@Z 0000000140010100 f i libucrtd:output.obj
 0001:0000f120       ?to_integer_size@__crt_stdio_output@@YA_KW4length_modifier@1@@Z 0000000140010120 f i libucrtd:output.obj
 0001:0000f1d0       ?type_case_X@?$output_processor@DV?$string_output_adapter@D@__crt_stdio_output@@V?$format_validation_base@DV?$string_output_adapter@D@__crt_stdio_output@@@2@@__crt_stdio_output@@AEAA_NXZ 00000001400101d0 f i libucrtd:output.obj
 0001:0000f1f0       ?type_case_X@?$output_processor@_WV?$string_output_adapter@_W@__crt_stdio_output@@V?$format_validation_base@_WV?$string_output_adapter@_W@__crt_stdio_output@@@2@@__crt_stdio_output@@AEAA_NXZ 00000001400101f0 f i libucrtd:output.obj
 0001:0000f210       ?type_case_Z@?$output_processor@DV?$string_output_adapter@D@__crt_stdio_output@@V?$format_validation_base@DV?$string_output_adapter@D@__crt_stdio_output@@@2@@__crt_stdio_output@@AEAA_NXZ 0000000140010210 f i libucrtd:output.obj
 0001:0000f330       ?type_case_Z@?$output_processor@_WV?$string_output_adapter@_W@__crt_stdio_output@@V?$format_validation_base@_WV?$string_output_adapter@_W@__crt_stdio_output@@@2@@__crt_stdio_output@@AEAA_NXZ 0000000140010330 f i libucrtd:output.obj
 0001:0000f450       ?type_case_a@?$output_processor@DV?$string_output_adapter@D@__crt_stdio_output@@V?$format_validation_base@DV?$string_output_adapter@D@__crt_stdio_output@@@2@@__crt_stdio_output@@AEAA_NXZ 0000000140010450 f i libucrtd:output.obj
 0001:0000f810       ?type_case_a@?$output_processor@_WV?$string_output_adapter@_W@__crt_stdio_output@@V?$format_validation_base@_WV?$string_output_adapter@_W@__crt_stdio_output@@@2@@__crt_stdio_output@@AEAA_NXZ 0000000140010810 f i libucrtd:output.obj
 0001:0000fbe0       ?type_case_c@?$output_processor@DV?$string_output_adapter@D@__crt_stdio_output@@V?$format_validation_base@DV?$string_output_adapter@D@__crt_stdio_output@@@2@@__crt_stdio_output@@AEAA_NXZ 0000000140010be0 f i libucrtd:output.obj
 0001:0000fc00       ?type_case_c@?$output_processor@_WV?$string_output_adapter@_W@__crt_stdio_output@@V?$format_validation_base@_WV?$string_output_adapter@_W@__crt_stdio_output@@@2@@__crt_stdio_output@@AEAA_NXZ 0000000140010c00 f i libucrtd:output.obj
 0001:0000fc20       ?type_case_c_tchar@?$output_processor@DV?$string_output_adapter@D@__crt_stdio_output@@V?$format_validation_base@DV?$string_output_adapter@D@__crt_stdio_output@@@2@@__crt_stdio_output@@AEAA_ND@Z 0000000140010c20 f i libucrtd:output.obj
 0001:0000fd70       ?type_case_c_tchar@?$output_processor@_WV?$string_output_adapter@_W@__crt_stdio_output@@V?$format_validation_base@_WV?$string_output_adapter@_W@__crt_stdio_output@@@2@@__crt_stdio_output@@AEAA_N_W@Z 0000000140010d70 f i libucrtd:output.obj
 0001:0000fea0       ?type_case_d@?$output_processor@DV?$string_output_adapter@D@__crt_stdio_output@@V?$format_validation_base@DV?$string_output_adapter@D@__crt_stdio_output@@@2@@__crt_stdio_output@@AEAA_NXZ 0000000140010ea0 f i libucrtd:output.obj
 0001:0000fed0       ?type_case_d@?$output_processor@_WV?$string_output_adapter@_W@__crt_stdio_output@@V?$format_validation_base@_WV?$string_output_adapter@_W@__crt_stdio_output@@@2@@__crt_stdio_output@@AEAA_NXZ 0000000140010ed0 f i libucrtd:output.obj
 0001:0000ff00       ?type_case_integer@?$output_processor@DV?$string_output_adapter@D@__crt_stdio_output@@V?$format_validation_base@DV?$string_output_adapter@D@__crt_stdio_output@@@2@@__crt_stdio_output@@AEAA_NI_N@Z 0000000140010f00 f i libucrtd:output.obj
 0001:00010350       ?type_case_integer@?$output_processor@_WV?$string_output_adapter@_W@__crt_stdio_output@@V?$format_validation_base@_WV?$string_output_adapter@_W@__crt_stdio_output@@@2@@__crt_stdio_output@@AEAA_NI_N@Z 0000000140011350 f i libucrtd:output.obj
 0001:000107a0       ?type_case_n@?$output_processor@DV?$string_output_adapter@D@__crt_stdio_output@@V?$format_validation_base@DV?$string_output_adapter@D@__crt_stdio_output@@@2@@__crt_stdio_output@@AEAA_NXZ 00000001400117a0 f i libucrtd:output.obj
 0001:000109e0       ?type_case_n@?$output_processor@_WV?$string_output_adapter@_W@__crt_stdio_output@@V?$format_validation_base@_WV?$string_output_adapter@_W@__crt_stdio_output@@@2@@__crt_stdio_output@@AEAA_NXZ 00000001400119e0 f i libucrtd:output.obj
 0001:00010c20       ?type_case_o@?$output_processor@DV?$string_output_adapter@D@__crt_stdio_output@@V?$format_validation_base@DV?$string_output_adapter@D@__crt_stdio_output@@@2@@__crt_stdio_output@@AEAA_NXZ 0000000140011c20 f i libucrtd:output.obj
 0001:00010c70       ?type_case_o@?$output_processor@_WV?$string_output_adapter@_W@__crt_stdio_output@@V?$format_validation_base@_WV?$string_output_adapter@_W@__crt_stdio_output@@@2@@__crt_stdio_output@@AEAA_NXZ 0000000140011c70 f i libucrtd:output.obj
 0001:00010cc0       ?type_case_p@?$output_processor@DV?$string_output_adapter@D@__crt_stdio_output@@V?$format_validation_base@DV?$string_output_adapter@D@__crt_stdio_output@@@2@@__crt_stdio_output@@AEAA_NXZ 0000000140011cc0 f i libucrtd:output.obj
 0001:00010d00       ?type_case_p@?$output_processor@_WV?$string_output_adapter@_W@__crt_stdio_output@@V?$format_validation_base@_WV?$string_output_adapter@_W@__crt_stdio_output@@@2@@__crt_stdio_output@@AEAA_NXZ 0000000140011d00 f i libucrtd:output.obj
 0001:00010d40       ?type_case_s@?$output_processor@DV?$string_output_adapter@D@__crt_stdio_output@@V?$format_validation_base@DV?$string_output_adapter@D@__crt_stdio_output@@@2@@__crt_stdio_output@@AEAA_NXZ 0000000140011d40 f i libucrtd:output.obj
 0001:00010e60       ?type_case_s@?$output_processor@_WV?$string_output_adapter@_W@__crt_stdio_output@@V?$format_validation_base@_WV?$string_output_adapter@_W@__crt_stdio_output@@@2@@__crt_stdio_output@@AEAA_NXZ 0000000140011e60 f i libucrtd:output.obj
 0001:00010f80       ?type_case_s_compute_narrow_string_length@?$output_processor@DV?$string_output_adapter@D@__crt_stdio_output@@V?$format_validation_base@DV?$string_output_adapter@D@__crt_stdio_output@@@2@@__crt_stdio_output@@AEBAHHD@Z 0000000140011f80 f i libucrtd:output.obj
 0001:00010fb0       ?type_case_s_compute_narrow_string_length@?$output_processor@_WV?$string_output_adapter@_W@__crt_stdio_output@@V?$format_validation_base@_WV?$string_output_adapter@_W@__crt_stdio_output@@@2@@__crt_stdio_output@@AEBAHH_W@Z 0000000140011fb0 f i libucrtd:output.obj
 0001:00011040       ?type_case_u@?$output_processor@DV?$string_output_adapter@D@__crt_stdio_output@@V?$format_validation_base@DV?$string_output_adapter@D@__crt_stdio_output@@@2@@__crt_stdio_output@@AEAA_NXZ 0000000140012040 f i libucrtd:output.obj
 0001:00011060       ?type_case_u@?$output_processor@_WV?$string_output_adapter@_W@__crt_stdio_output@@V?$format_validation_base@_WV?$string_output_adapter@_W@__crt_stdio_output@@@2@@__crt_stdio_output@@AEAA_NXZ 0000000140012060 f i libucrtd:output.obj
 0001:00011080       ?type_case_x@?$output_processor@DV?$string_output_adapter@D@__crt_stdio_output@@V?$format_validation_base@DV?$string_output_adapter@D@__crt_stdio_output@@@2@@__crt_stdio_output@@AEAA_NXZ 0000000140012080 f i libucrtd:output.obj
 0001:000110a0       ?type_case_x@?$output_processor@_WV?$string_output_adapter@_W@__crt_stdio_output@@V?$format_validation_base@_WV?$string_output_adapter@_W@__crt_stdio_output@@@2@@__crt_stdio_output@@AEAA_NXZ 00000001400120a0 f i libucrtd:output.obj
 0001:000110c0       ?unset_flag@?$output_processor@DV?$string_output_adapter@D@__crt_stdio_output@@V?$format_validation_base@DV?$string_output_adapter@D@__crt_stdio_output@@@2@@__crt_stdio_output@@AEAAXI@Z 00000001400120c0 f i libucrtd:output.obj
 0001:000110c0       ?unset_flag@?$output_processor@_WV?$string_output_adapter@_W@__crt_stdio_output@@V?$format_validation_base@_WV?$string_output_adapter@_W@__crt_stdio_output@@@2@@__crt_stdio_output@@AEAAXI@Z 00000001400120c0 f i libucrtd:output.obj
 0001:000110f0       ?update_field_width@?$standard_base@_WV?$string_output_adapter@_W@__crt_stdio_output@@@__crt_stdio_output@@IEAA_NXZ 00000001400120f0 f i libucrtd:output.obj
 0001:000110f0       ?update_field_width@?$standard_base@DV?$string_output_adapter@D@__crt_stdio_output@@@__crt_stdio_output@@IEAA_NXZ 00000001400120f0 f i libucrtd:output.obj
[...]
 0004:000027a8       $pdata$?fin$0@?0???$?RV<lambda_842d9ff0dc9ef11c61343bbaebe7f885>@@AEAV<lambda_c5860995281e5c4ce005b3de8f5874ee>@@V<lambda_d90129c13df834fdcbf8d2b88dafcf2d>@@@?$__crt_seh_guarded_call@X@@QEAAX$$QEAV<lambda_842d9ff0dc9ef11c61343bbaebe7f885>@@AEAV<lambda_c5860995281e5c4ce005b3de8f5874ee>@@$$QEAV<lambda_d90129c13df834fdcbf8d2b88dafcf2d>@@@Z@4HA 00000001400537a8     libucrtd:fflush.obj
 0004:000027b4       $pdata$??$?RV<lambda_886d6c58226a84441f68b9f2b8217b83>@@AEAV<lambda_ab61a845afdef5b7c387490eaf3616ee>@@V<lambda_f7f22ab5edc0698d5f6905b0d3f44752>@@@?$__crt_seh_guarded_call@X@@QEAAX$$QEAV<lambda_886d6c58226a84441f68b9f2b8217b83>@@AEAV<lambda_ab61a845afdef5b7c387490eaf3616ee>@@$$QEAV<lambda_f7f22ab5edc0698d5f6905b0d3f44752>@@@Z 00000001400537b4     libucrtd:fflush.obj
 0004:000027c0       $pdata$?has_crt_buffer@__crt_stdio_stream@@QEBA_NXZ 00000001400537c0     libucrtd:_freebuf.obj
 0004:000027cc       $pdata$__acrt_stdio_free_buffer_nolock 00000001400537cc     libucrtd:_freebuf.obj
 0004:000027d8       $pdata$_isatty             00000001400537d8     libucrtd:isatty.obj
 0004:000027e4       $pdata$__acrt_OutputDebugStringA 00000001400537e4     libucrtd:outputdebugstringa.obj
 0004:000027f0       $pdata$qsort               00000001400537f0     libucrtd:qsort.obj
 0004:000027fc       $pdata$?swap@@YAXPEAD0_K@Z 00000001400537fc     libucrtd:qsort.obj
 0004:00002808       $pdata$?shortsort@@YAXPEAD0_KP6AHPEBX2@Z@Z 0000000140053808     libucrtd:qsort.obj
 0004:00002814       $pdata$?dtor$0@?0??shortsort@@YAXPEAD0_KP6AHPEBX2@Z@Z@4HA 0000000140053814     libucrtd:qsort.obj
 0004:00002820       $pdata$strncpy_s           0000000140053820     libucrtd:strncpy_s.obj
 0004:0000282c       $pdata$??$common_tcsncpy_s@D@@YAHQEAD_KQEBD1@Z 000000014005382c     libucrtd:strncpy_s.obj
 0004:00002838       $pdata$strpbrk             0000000140053838     libucrtd:strpbrk.obj
 0004:00002844       $pdata$fallbackMethod      0000000140053844     libucrtd:strpbrk.obj
 0004:00002850       $pdata$_mbsdec_l           0000000140053850     libucrtd:mbsdec.obj
 0004:0000285c       $pdata$?initialize_multibyte@@YAHXZ 000000014005385c     libucrtd:multibyte_initializer.obj
 0004:00002868       $pdata$_itow_s             0000000140053868     libucrtd:xtoa.obj
 0004:00002874       $pdata$_itoa_s             0000000140053874     libucrtd:xtoa.obj
 0004:00002880       $pdata$??$common_xtox_s@KD@@YAHKQEAD_KI_N@Z 0000000140053880     libucrtd:xtoa.obj
 0004:0000288c       $pdata$??$common_xtox@KD@@YAHKQEAD_KI_N@Z 000000014005388c     libucrtd:xtoa.obj
 0004:00002898       $pdata$??$common_xtox_s@K_W@@YAHKQEA_W_KI_N@Z 0000000140053898     libucrtd:xtoa.obj
 0004:000028a4       $pdata$??$common_xtox@K_W@@YAHKQEA_W_KI_N@Z 00000001400538a4     libucrtd:xtoa.obj
 0004:000028b0       $pdata$__acrt_DownlevelLocaleNameToLCID 00000001400538b0     libucrtd:lcidtoname_downlevel.obj
 0004:000028bc       $pdata$?__wcsnicmp_ascii@@YAHPEB_W0_K@Z 00000001400538bc     libucrtd:lcidtoname_downlevel.obj
 0004:000028c8       $pdata$?GetTableIndexFromLocaleName@@YAHPEB_W@Z 00000001400538c8     libucrtd:lcidtoname_downlevel.obj
 0004:000028d4       $pdata$_malloc_base        00000001400538d4     libucrtd:malloc_base.obj
 0004:000028e0       $pdata$mbstowcs_s          00000001400538e0     libucrtd:mbstowcs.obj
 0004:000028ec       $pdata$_mbstowcs_s_l       00000001400538ec     libucrtd:mbstowcs.obj
 0004:000028f8       $pdata$?_mbstowcs_l_helper@@YA_KPEA_WPEBD_KPEAU__crt_locale_pointers@@@Z 00000001400538f8     libucrtd:mbstowcs.obj
 0004:00002904       $pdata$wcstombs_s          0000000140053904     libucrtd:wcstombs.obj
 0004:00002910       $pdata$_wcstombs_s_l       0000000140053910     libucrtd:wcstombs.obj
 0004:0000291c       $pdata$?wcsncnt@@YA_KPEB_W_K@Z 000000014005391c     libucrtd:wcstombs.obj
 0004:00002928       $pdata$?_wcstombs_l_helper@@YA_KPEADPEB_W_KPEAU__crt_locale_pointers@@@Z 0000000140053928     libucrtd:wcstombs.obj
 0004:00002934       $pdata$?dtor$0@?0??_wcstombs_l_helper@@YA_KPEADPEB_W_KPEAU__crt_locale_pointers@@@Z@4HA 0000000140053934     libucrtd:wcstombs.obj
 0004:00002940       $pdata$strcat_s            0000000140053940     libucrtd:strcat_s.obj
 0004:0000294c       $pdata$??$common_tcscat_s@D@@YAHQEAD_KQEBD@Z 000000014005394c     libucrtd:strcat_s.obj
 0004:00002958       $pdata$__acrt_GetStringTypeW 0000000140053958     libucrtd:getstringtypew.obj
 0004:00002964       $pdata$__strncnt           0000000140053964     libucrtd:strncnt.obj
 0004:00002970       $pdata$?__mbrtoc32_utf8@__crt_mbstring@@YA_KPEA_UPEBD_KPEAU_Mbstatet@@@Z 0000000140053970     libucrtd:mbrtoc32.obj
 0004:00002988       $pdata$ceil                0000000140053988     libucrtd:ceil.obj
 0004:00002994       $pdata$fegetenv            0000000140053994     libucrtd:fegetenv.obj
 0004:000029a0       $pdata$fesetenv            00000001400539a0     libucrtd:fesetenv.obj
 0004:000029ac       $pdata$feholdexcept        00000001400539ac     libucrtd:feholdexcept.obj
 0004:000029b8       $pdata$_write              00000001400539b8     libucrtd:write.obj
 0004:000029c4       $pdata$_write$fin$0        00000001400539c4     libucrtd:write.obj
 0004:000029d0       $pdata$_write_nolock       00000001400539d0     libucrtd:write.obj
 0004:000029dc       $pdata$?write_requires_double_translation_nolock@@YA_NH@Z 00000001400539dc     libucrtd:write.obj
 0004:000029e8       $pdata$?write_double_translated_ansi_nolock@@YA?AUwrite_result@?A0x17268360@@HQEBDI@Z 00000001400539e8     libucrtd:write.obj
 0004:000029f4       $pdata$?write_double_translated_unicode_nolock@@YA?AUwrite_result@?A0x17268360@@QEBDI@Z 00000001400539f4     libucrtd:write.obj
 0004:00002a00       $pdata$?write_text_ansi_nolock@@YA?AUwrite_result@?A0x17268360@@HQEBDI@Z 0000000140053a00     libucrtd:write.obj
 0004:00002a0c       $pdata$?write_text_utf16le_nolock@@YA?AUwrite_result@?A0x17268360@@HQEBDI@Z 0000000140053a0c     libucrtd:write.obj
 0004:00002a18       $pdata$?write_text_utf8_nolock@@YA?AUwrite_result@?A0x17268360@@HQEBDI@Z 0000000140053a18     libucrtd:write.obj
 0004:00002a24       $pdata$?write_binary_nolock@@YA?AUwrite_result@?A0x17268360@@HQEBDI@Z 0000000140053a24     libucrtd:write.obj
 0004:00002a30       $pdata$_lseeki64_nolock    0000000140053a30     libucrtd:lseek.obj
 0004:00002a3c       $pdata$?common_lseek_do_seek_nolock@@YA_JQEAX_JH@Z 0000000140053a3c     libucrtd:lseek.obj
 0004:00002a48       $pdata$??$common_lseek_nolock@_J@@YA_JH_JH@Z 0000000140053a48     libucrtd:lseek.obj
 0004:00002a54       $pdata$fclose              0000000140053a54     libucrtd:fclose.obj
 0004:00002a60       $pdata$fclose$fin$0        0000000140053a60     libucrtd:fclose.obj
 0004:00002a6c       $pdata$_fclose_nolock      0000000140053a6c     libucrtd:fclose.obj
 0004:00002a78       $pdata$_commit             0000000140053a78     libucrtd:commit.obj
 0004:00002a84       $pdata$??R<lambda_5533cddd4bda0037814beee657757329>@@QEBAHXZ 0000000140053a84     libucrtd:commit.obj
 0004:00002a90       $pdata$??$__acrt_lowio_lock_fh_and_call@V<lambda_5533cddd4bda0037814beee657757329>@@@@YAHH$$QEAV<lambda_5533cddd4bda0037814beee657757329>@@@Z 0000000140053a90     libucrtd:commit.obj
 0004:00002a9c       $pdata$??R<lambda_4e3dbe6921bc0b5a1a6bc6573fdc859e>@@QEBAXXZ 0000000140053a9c     libucrtd:commit.obj
 0004:00002a9c       $pdata$??R<lambda_53fc7fc888e23d815d7080162c0aeeb2>@@QEBAXXZ 0000000140053a9c     libucrtd:close.obj
 0004:00002aa8       $pdata$??R<lambda_8ddc48ad9d26c778cb15812d1d88fc8a>@@QEBAXXZ 0000000140053aa8     libucrtd:close.obj
 0004:00002aa8       $pdata$??R<lambda_47cffbaa968af5c721c38a4a6f8da44d>@@QEBAXXZ 0000000140053aa8     libucrtd:commit.obj
 0004:00002ab4       $pdata$??$?RV<lambda_4e3dbe6921bc0b5a1a6bc6573fdc859e>@@AEAV<lambda_5533cddd4bda0037814beee657757329>@@V<lambda_47cffbaa968af5c721c38a4a6f8da44d>@@@?$__crt_seh_guarded_call@H@@QEAAH$$QEAV<lambda_4e3dbe6921bc0b5a1a6bc6573fdc859e>@@AEAV<lambda_5533cddd4bda0037814beee657757329>@@$$QEAV<lambda_47cffbaa968af5c721c38a4a6f8da44d>@@@Z 0000000140053ab4     libucrtd:commit.obj
 0004:00002ac0       $pdata$?fin$0@?0???$?RV<lambda_53fc7fc888e23d815d7080162c0aeeb2>@@AEAV<lambda_4e7105787b7b0e0227fbf2b2d883fa65>@@V<lambda_8ddc48ad9d26c778cb15812d1d88fc8a>@@@?$__crt_seh_guarded_call@H@@QEAAH$$QEAV<lambda_53fc7fc888e23d815d7080162c0aeeb2>@@AEAV<lambda_4e7105787b7b0e0227fbf2b2d883fa65>@@$$QEAV<lambda_8ddc48ad9d26c778cb15812d1d88fc8a>@@@Z@4HA 0000000140053ac0     libucrtd:close.obj
 0004:00002ac0       $pdata$?fin$0@?0???$?RV<lambda_4e3dbe6921bc0b5a1a6bc6573fdc859e>@@AEAV<lambda_5533cddd4bda0037814beee657757329>@@V<lambda_47cffbaa968af5c721c38a4a6f8da44d>@@@?$__crt_seh_guarded_call@H@@QEAAH$$QEAV<lambda_4e3dbe6921bc0b5a1a6bc6573fdc859e>@@AEAV<lambda_5533cddd4bda0037814beee657757329>@@$$QEAV<lambda_47cffbaa968af5c721c38a4a6f8da44d>@@@Z@4HA 0000000140053ac0     libucrtd:commit.obj
 0004:00002acc       $pdata$?__wcsrtombs_utf8@__crt_mbstring@@YA_KPEADPEAPEB_W_KPEAU_Mbstatet@@@Z 0000000140053acc     libucrtd:wcrtomb.obj
 0004:00002ad8       $pdata$__acrt_initialize_fma3 0000000140053ad8     libucrtd:fma3_available.obj
 0004:00002ae4       $pdata$_log_special_common 0000000140053ae4     libucrtd:log_special.obj
 0004:00002af0       $pdata$_log10_special      0000000140053af0     libucrtd:log_special.obj
 0004:00002afc       $pdata$_call_matherr       0000000140053afc     libucrtd:libm_error.obj
 0004:00002b08       $pdata$_exception_enabled  0000000140053b08     libucrtd:libm_error.obj
 0004:00002b14       $pdata$_handle_nan         0000000140053b14     libucrtd:libm_error.obj
 0004:00002b20       $pdata$_handle_error       0000000140053b20     libucrtd:libm_error.obj
 0004:00002b2c       $pdata$??$__acrt_fenv_shift_bits@W4__acrt_fenv_abstract_control@@@@YA?AW4__acrt_fenv_abstract_control@@W40@0I@Z 0000000140053b2c     libucrtd:_fenvutils.obj
 0004:00002b2c       $pdata$??$__acrt_fenv_shift_bits@W4__acrt_fenv_abstract_status@@@@YA?AW4__acrt_fenv_abstract_status@@W40@0I@Z 0000000140053b2c     libucrtd:_fenvutils.obj
 0004:00002b38       $pdata$??$__acrt_fenv_unshift_bits@W4__acrt_fenv_abstract_control@@@@YA?AW4__acrt_fenv_abstract_control@@W40@0I@Z 0000000140053b38     libucrtd:_fenvutils.obj
 0004:00002b38       $pdata$??$__acrt_fenv_unshift_bits@W4__acrt_fenv_abstract_status@@@@YA?AW4__acrt_fenv_abstract_status@@W40@0I@Z 0000000140053b38     libucrtd:_fenvutils.obj
 0004:00002b44       $pdata$?__acrt_fenv_shift_abstract_sse_status@@YA?AW4__acrt_fenv_abstract_status@@W41@@Z 0000000140053b44     libucrtd:_fenvutils.obj
 0004:00002b50       $pdata$?__acrt_fenv_unshift_abstract_sse_status@@YA?AW4__acrt_fenv_abstract_status@@W41@@Z 0000000140053b50     libucrtd:_fenvutils.obj
 0004:00002b5c       $pdata$?__acrt_fenv_shift_abstract_sse_control@@YA?AW4__acrt_fenv_abstract_control@@W41@@Z 0000000140053b5c     libucrtd:_fenvutils.obj
 0004:00002b68       $pdata$?__acrt_fenv_unshift_abstract_sse_control@@YA?AW4__acrt_fenv_abstract_control@@W41@@Z 0000000140053b68     libucrtd:_fenvutils.obj
 0004:00002b74       $pdata$__acrt_fenv_get_status 0000000140053b74     libucrtd:_fenvutils.obj
 0004:00002b80       $pdata$__acrt_fenv_set_status 0000000140053b80     libucrtd:_fenvutils.obj
 0004:00002b8c       $pdata$__acrt_fenv_get_control 0000000140053b8c     libucrtd:_fenvutils.obj
 0004:00002b98       $pdata$__acrt_fenv_set_control 0000000140053b98     libucrtd:_fenvutils.obj
 0004:00002ba4       $pdata$?to_machine_sse_status@@YA?AW4__acrt_fenv_machine_sse_status@@W4__acrt_fenv_abstract_status@@@Z 0000000140053ba4     libucrtd:_fenvutils.obj
 0004:00002bb0       $pdata$??$translate_status@W4__acrt_fenv_machine_sse_status@@W4__acrt_fenv_abstract_status@@@@YA?AW4__acrt_fenv_machine_sse_status@@W4__acrt_fenv_abstract_status@@@Z 0000000140053bb0     libucrtd:_fenvutils.obj
 0004:00002bbc       $pdata$?translate_control_denormal_control_to_sse@@YA?AW4__acrt_fenv_machine_sse_control@@W4__acrt_fenv_abstract_control@@@Z 0000000140053bbc     libucrtd:_fenvutils.obj
 0004:00002bc8       $pdata$?translate_control_denormal_control_from_sse@@YA?AW4__acrt_fenv_abstract_control@@W4__acrt_fenv_machine_sse_control@@@Z 0000000140053bc8     libucrtd:_fenvutils.obj
 0004:00002bd4       $pdata$?to_abstract_control@@YA?AW4__acrt_fenv_abstract_control@@W4__acrt_fenv_machine_sse_control@@@Z 0000000140053bd4     libucrtd:_fenvutils.obj
 0004:00002be0       $pdata$??$translate_control_exception_mask@W4__acrt_fenv_abstract_control@@W4__acrt_fenv_machine_sse_control@@@@YA?AW4__acrt_fenv_abstract_control@@W4__acrt_fenv_machine_sse_control@@@Z 0000000140053be0     libucrtd:_fenvutils.obj
 0004:00002bec       $pdata$??$translate_control_rounding_control@W4__acrt_fenv_abstract_control@@W4__acrt_fenv_machine_sse_control@@@@YA?AW4__acrt_fenv_abstract_control@@W4__acrt_fenv_machine_sse_control@@@Z 0000000140053bec     libucrtd:_fenvutils.obj
 0004:00002bf8       $pdata$?to_machine_sse_control@@YA?AW4__acrt_fenv_machine_sse_control@@W4__acrt_fenv_abstract_control@@@Z 0000000140053bf8     libucrtd:_fenvutils.obj
 0004:00002c04       $pdata$??$translate_control_exception_mask@W4__acrt_fenv_machine_sse_control@@W4__acrt_fenv_abstract_control@@@@YA?AW4__acrt_fenv_machine_sse_control@@W4__acrt_fenv_abstract_control@@@Z 0000000140053c04     libucrtd:_fenvutils.obj
 0004:00002c10       $pdata$??$translate_control_rounding_control@W4__acrt_fenv_machine_sse_control@@W4__acrt_fenv_abstract_control@@@@YA?AW4__acrt_fenv_machine_sse_control@@W4__acrt_fenv_abstract_control@@@Z 0000000140053c10     libucrtd:_fenvutils.obj
 0004:00002c1c       $pdata$?get_machine_sse_status@@YA?AW4__acrt_fenv_machine_sse_status@@XZ 0000000140053c1c     libucrtd:_fenvutils.obj
 0004:00002c28       $pdata$?set_machine_sse_status@@YAXW4__acrt_fenv_machine_sse_status@@@Z 0000000140053c28     libucrtd:_fenvutils.obj
 0004:00002c34       $pdata$?get_machine_sse_control@@YA?AW4__acrt_fenv_machine_sse_control@@XZ 0000000140053c34     libucrtd:_fenvutils.obj
 0004:00002c40       $pdata$?set_machine_sse_control@@YAXW4__acrt_fenv_machine_sse_control@@@Z 0000000140053c40     libucrtd:_fenvutils.obj
 0004:00002c4c       $pdata$??$to_abstract_status@W4__acrt_fenv_machine_sse_status@@@@YA?AW4__acrt_fenv_abstract_status@@W4__acrt_fenv_machine_sse_status@@@Z 0000000140053c4c     libucrtd:_fenvutils.obj
 0004:00002c58       $pdata$??$__acrt_fenv_translate_bit@W4__acrt_fenv_machine_sse_status@@W4__acrt_fenv_abstract_status@@@@YA?AW4__acrt_fenv_machine_sse_status@@W4__acrt_fenv_abstract_status@@0W40@1@Z 0000000140053c58     libucrtd:_fenvutils.obj
 0004:00002c58       $pdata$??$__acrt_fenv_translate_bit@W4__acrt_fenv_abstract_status@@W4__acrt_fenv_machine_sse_status@@@@YA?AW4__acrt_fenv_abstract_status@@W4__acrt_fenv_machine_sse_status@@0W40@1@Z 0000000140053c58     libucrtd:_fenvutils.obj
 0004:00002c64       $pdata$??$__acrt_fenv_translate_bit@W4__acrt_fenv_abstract_control@@W4__acrt_fenv_machine_sse_control@@@@YA?AW4__acrt_fenv_abstract_control@@W4__acrt_fenv_machine_sse_control@@0W40@1@Z 0000000140053c64     libucrtd:_fenvutils.obj
 0004:00002c70       $pdata$??$__acrt_fenv_translate_bit@W4__acrt_fenv_machine_sse_control@@W4__acrt_fenv_abstract_control@@@@YA?AW4__acrt_fenv_machine_sse_control@@W4__acrt_fenv_abstract_control@@0W40@1@Z 0000000140053c70     libucrtd:_fenvutils.obj
 0004:00002c7c       $pdata$??$translate_status@W4__acrt_fenv_abstract_status@@W4__acrt_fenv_machine_sse_status@@@@YA?AW4__acrt_fenv_abstract_status@@W4__acrt_fenv_machine_sse_status@@@Z 0000000140053c7c     libucrtd:_fenvutils.obj
 0004:00002c88       $pdata$_clearfp            0000000140053c88     libucrtd:ieee.obj
 0004:00002c94       $pdata$_abstract_sw        0000000140053c94     libucrtd:ieee.obj
 0004:00002ca0       $pdata$_putwch_nolock      0000000140053ca0     libucrtd:putwch.obj
 0004:00002cac       $pdata$_close              0000000140053cac     libucrtd:close.obj
 0004:00002cb8       $pdata$_close_nolock       0000000140053cb8     libucrtd:close.obj
 0004:00002cc4       $pdata$?close_os_handle_nolock@@YAKH@Z 0000000140053cc4     libucrtd:close.obj
 0004:00002cd0       $pdata$??R<lambda_4e7105787b7b0e0227fbf2b2d883fa65>@@QEBAHXZ 0000000140053cd0     libucrtd:close.obj
 0004:00002cdc       $pdata$??$__acrt_lowio_lock_fh_and_call@V<lambda_4e7105787b7b0e0227fbf2b2d883fa65>@@@@YAHH$$QEAV<lambda_4e7105787b7b0e0227fbf2b2d883fa65>@@@Z 0000000140053cdc     libucrtd:close.obj
 0004:00002ce8       $pdata$??$?RV<lambda_53fc7fc888e23d815d7080162c0aeeb2>@@AEAV<lambda_4e7105787b7b0e0227fbf2b2d883fa65>@@V<lambda_8ddc48ad9d26c778cb15812d1d88fc8a>@@@?$__crt_seh_guarded_call@H@@QEAAH$$QEAV<lambda_53fc7fc888e23d815d7080162c0aeeb2>@@AEAV<lambda_4e7105787b7b0e0227fbf2b2d883fa65>@@$$QEAV<lambda_8ddc48ad9d26c778cb15812d1d88fc8a>@@@Z 0000000140053ce8     libucrtd:close.obj
 0004:00002cf4       $pdata$?__acrt_stdio_free_stream@@YAXV__crt_stdio_stream@@@Z 0000000140053cf4     libucrtd:stream.obj
 0004:00002d00       $pdata$?__c16rtomb_utf8@__crt_mbstring@@YA_KPEAD_SPEAU_Mbstatet@@@Z 0000000140053d00     libucrtd:c16rtomb.obj
 0004:00002d0c       $pdata$?store_first_surrogate@?A0xc60ee810@@YAX_SPEAU_Mbstatet@@@Z 0000000140053d0c     libucrtd:c16rtomb.obj
 0004:00002d18       $pdata$?has_surrogate@?A0xc60ee810@@YA_NPEAU_Mbstatet@@@Z 0000000140053d18     libucrtd:c16rtomb.obj
 0004:00002d24       $pdata$?is_first_surrogate@?A0xc60ee810@@YA_N_S@Z 0000000140053d24     libucrtd:c16rtomb.obj
 0004:00002d30       $pdata$?is_second_surrogate@?A0xc60ee810@@YA_N_S@Z 0000000140053d30     libucrtd:c16rtomb.obj
 0004:00002d3c       $pdata$_set_errno_from_matherr 0000000140053d3c     libucrtd:fpexcept.obj
 0004:00002d48       $pdata$_raise_exc          0000000140053d48     libucrtd:fpexcept.obj
 0004:00002d54       $pdata$_raise_exc_ex       0000000140053d54     libucrtd:fpexcept.obj
 0004:00002d60       $pdata$_clrfp              0000000140053d60     libucrtd:fpctrl.obj
 0004:00002d6c       $pdata$_ctrlfp             0000000140053d6c     libucrtd:fpctrl.obj
 0004:00002d78       $pdata$_ctrlfp$filt$0      0000000140053d78     libucrtd:fpctrl.obj
 0004:00002d84       $pdata$_statfp             0000000140053d84     libucrtd:fpctrl.obj
 0004:00002d90       $pdata$_set_statfp         0000000140053d90     libucrtd:fpctrl.obj
 0004:00002da8       $pdata$__dcrt_lowio_ensure_console_output_initialized 0000000140053da8     libucrtd:initcon.obj
 0004:00002db4       $pdata$__dcrt_write_console 0000000140053db4     libucrtd:initcon.obj
 0004:00002dc0       $pdata$__dcrt_terminate_console_output 0000000140053dc0     libucrtd:initcon.obj
 0004:00002dcc       $pdata$_ValidateImageBase  0000000140053dcc     LIBCMTD:pesect.obj
 0004:00002dd8       $pdata$_FindPESection      0000000140053dd8     LIBCMTD:pesect.obj
 0004:00002de4       $pdata$_IsNonwritableInCurrentImage 0000000140053de4     LIBCMTD:pesect.obj
 0004:00002df0       $pdata$_IsNonwritableInCurrentImage$filt$0 0000000140053df0     LIBCMTD:pesect.obj
 0004:00002dfc       $pdata$??_Gtype_info@@UEAAPEAXI@Z 0000000140053dfc     LIBCMTD:std_type_info_static.obj
 0004:00002e08       $pdata$??3@YAXPEAX_K@Z     0000000140053e08     LIBCMTD:delete_scalar_size.obj
 0004:00002e14       $pdata$__GSHandlerCheck_SEH 0000000140053e14     LIBCMTD:gshandlerseh.obj
 0004:00002e2c       $pdata$__GSHandlerCheck_EH 0000000140053e2c     LIBCMTD:gshandlereh.obj
 0004:00002e38       $pdata$??3@YAXPEAX@Z       0000000140053e38     LIBCMTD:delete_scalar.obj
 0004:00002e50       $pdata$strrchr             0000000140053e50     libvcruntimed:strrchr.obj
